******************************************************************************
                  TI ARM Linker PC v18.12.3                    
******************************************************************************
>> Linked Thu Dec 12 14:57:34 2019

OUTPUT FILE NAME:   <Linear_Ramp_red.out>
ENTRY POINT SYMBOL: "_c_int00_noargs"  address: 00001de5


MEMORY CONFIGURATION

         name            origin    length      used     unused   attr    fill
----------------------  --------  ---------  --------  --------  ----  --------
  MAIN                  00000000   00040000  0000217a  0003de86  R  X
  INFO                  00200000   00004000  00000000  00004000  R  X
  SRAM_CODE             01000000   00010000  00000300  0000fd00  RW X
  SRAM_DATA             20000000   00010000  00000300  0000fd00  RW  


SEGMENT ALLOCATION MAP

run origin  load origin   length   init length attrs members
----------  ----------- ---------- ----------- ----- -------
00000000    00000000    00002180   00002180    r-x
  00000000    00000000    000000e4   000000e4    r-- .intvecs
  000000e4    000000e4    00001e7e   00001e7e    r-x .text
  00001f68    00001f68    000001d8   000001d8    r-- .const
  00002140    00002140    00000040   00000040    r-- .cinit
20000000    20000000    00000100   00000000    rw-
  20000000    20000000    000000d0   00000000    rw- .bss
  200000d0    200000d0    00000030   00000000    rw- .data
2000fe00    2000fe00    00000200   00000000    rw-
  2000fe00    2000fe00    00000200   00000000    rw- .stack


SECTION ALLOCATION MAP

 output                                  attributes/
section   page    origin      length       input sections
--------  ----  ----------  ----------   ----------------
.intvecs   0    00000000    000000e4     
                  00000000    000000e4     startup_msp432p401r_ccs.obj (.intvecs:retain)

.text      0    000000e4    00001e7e     
                  000000e4    00000738     rtsv7M4_T_le_v4SPD16_eabi.lib : k_rem_pio2.c.obj (.text:__kernel_rem_pio2)
                  0000081c    000005c4                                   : s_sin.c.obj (.text:sin)
                  00000de0    000001f4     Linear_Ramp_red.obj (.text:main)
                  00000fd4    000001b6     rtsv7M4_T_le_v4SPD16_eabi.lib : fd_add_t2.asm.obj (.text)
                  0000118a    00000002     startup_msp432p401r_ccs.obj (.text:Default_Handler)
                  0000118c    00000174     rtsv7M4_T_le_v4SPD16_eabi.lib : k_sin.c.obj (.text:__kernel_sin)
                  00001300    0000016c                                   : k_cos.c.obj (.text:__kernel_cos)
                  0000146c    00000154     msp432p4xx_driverlib.lib : adc14_MSP432P4XX.obj (.text:_getIndexForMemRegister)
                  000015c0    00000110     rtsv7M4_T_le_v4SPD16_eabi.lib : s_scalbn.c.obj (.text:scalbn)
                  000016d0    000000fc                                   : fd_mul_t2.asm.obj (.text)
                  000017cc    000000f8                                   : s_floor.c.obj (.text:floor)
                  000018c4    0000009c     msp432p4xx_driverlib.lib : cs_MSP432P4XX.obj (.text:CS_startHFXTWithTimeout)
                  00001960    0000009c     Linear_Ramp_red.obj (.text:SysTick_Handler)
                  000019fc    0000009c     rtsv7M4_T_le_v4SPD16_eabi.lib : memcpy_t2.asm.obj (.text)
                  00001a98    00000086                                   : fd_cmp_t2.asm.obj (.text:__aeabi_cdcmple)
                  00001b1e    00000086                                   : fd_cmp_t2.asm.obj (.text:__aeabi_cdrcmple)
                  00001ba4    00000070     msp432p4xx_driverlib.lib : cs_MSP432P4XX.obj (.text:_CSGetHFXTFrequency)
                  00001c14    00000068     system_msp432p401r.obj (.text:SystemInit)
                  00001c7c    00000068     rtsv7M4_T_le_v4SPD16_eabi.lib : copy_decompress_lzss.c.obj (.text:decompress:lzss:__TI_decompress_lzss)
                  00001ce4    00000048                                   : fd_toi_t2.asm.obj (.text)
                  00001d2c    00000044                                   : autoinit.c.obj (.text:__TI_auto_init_nobinit_nopinit:__TI_auto_init_nobinit_nopinit)
                  00001d70    0000003a     Linear_Ramp_red.obj (.text:filter)
                  00001daa    00000038     rtsv7M4_T_le_v4SPD16_eabi.lib : fs_tod_t2.asm.obj (.text)
                  00001de2    00000002     --HOLE-- [fill = 0]
                  00001de4    00000034                                   : boot_cortex_m.c.obj (.text:_c_int00_noargs:_c_int00_noargs)
                  00001e18    0000002e                                   : i_tofd_t2.asm.obj (.text)
                  00001e46    00000002     --HOLE-- [fill = 0]
                  00001e48    00000020     Linear_Ramp_red.obj (.text:bandstop)
                  00001e68    0000001c     rtsv7M4_T_le_v4SPD16_eabi.lib : copy_zero_init.c.obj (.text:decompress:ZI:__TI_zero_init_nomemset:__TI_zero_init_nomemset)
                  00001e84    0000001a                                   : s_copysign.c.obj (.text:copysign)
                  00001e9e    00000018     Linear_Ramp_red.obj (.text:ADC14_IRQHandler)
                  00001eb6    00000002     --HOLE-- [fill = 0]
                  00001eb8    00000018     msp432p4xx_driverlib.lib : adc14_MSP432P4XX.obj (.text:ADC14_getResult)
                  00001ed0    00000014                              : adc14_MSP432P4XX.obj (.text:ADC14_setResolution)
                  00001ee4    00000014                              : cs_MSP432P4XX.obj (.text:CS_setExternalClockSourceFrequency)
                  00001ef8    00000010                              : sysctl_a_MSP432P4XX.obj (.text:SysCtl_A_disableNMISource)
                  00001f08    00000010                              : sysctl_a_MSP432P4XX.obj (.text:SysCtl_A_enableNMISource)
                  00001f18    00000010                              : sysctl_a_MSP432P4XX.obj (.text:SysCtl_A_getNMISourceStatus)
                  00001f28    0000000e     rtsv7M4_T_le_v4SPD16_eabi.lib : copy_decompress_none.c.obj (.text:decompress:none:__TI_decompress_none)
                  00001f36    0000000c     startup_msp432p401r_ccs.obj (.text:Reset_Handler)
                  00001f42    0000000a     Linear_Ramp_red.obj (.text:updateBuffer)
                  00001f4c    00000008     rtsv7M4_T_le_v4SPD16_eabi.lib : errno.c.obj (.text:__aeabi_errno_addr)
                  00001f54    00000006     msp432p4xx_driverlib.lib : cs_MSP432P4XX.obj (.text:CS_startHFXT)
                  00001f5a    00000004     rtsv7M4_T_le_v4SPD16_eabi.lib : pre_init.c.obj (.text:_system_pre_init)
                  00001f5e    00000004                                   : exit.c.obj (.text:abort:abort)

.const     0    00001f68    000001d8     
                  00001f68    00000158     rtsv7M4_T_le_v4SPD16_eabi.lib : k_rem_pio2.c.obj (.const:$O1$$)
                  000020c0    00000080     msp432p4xx_driverlib.lib : adc14_MSP432P4XX.obj (.const:_ctlRegs)

.cinit     0    00002140    00000040     
                  00002140    0000001c     (.cinit..data.load) [load image, compression = lzss]
                  0000215c    0000000c     (__TI_handler_table)
                  00002168    00000008     (.cinit..bss.load) [load image, compression = zero_init]
                  00002170    00000010     (__TI_cinit_table)

.init_array 
*          0    00000000    00000000     UNINITIALIZED

.binit     0    00000000    00000000     

.bss       0    20000000    000000d0     UNINITIALIZED
                  20000000    000000c8     Linear_Ramp_red.obj (.bss:sine_value)
                  200000c8    00000008     msp432p4xx_driverlib.lib : cs_MSP432P4XX.obj (.bss)

.data      0    200000d0    00000030     UNINITIALIZED
                  200000d0    0000000c     Linear_Ramp_red.obj (.data:bandstopBuff)
                  200000dc    0000000c     Linear_Ramp_red.obj (.data:bandstopDen)
                  200000e8    0000000c     Linear_Ramp_red.obj (.data:bandstopNum)
                  200000f4    00000008     Linear_Ramp_red.obj (.data)
                  200000fc    00000004     rtsv7M4_T_le_v4SPD16_eabi.lib : errno.c.obj (.data)

.stack     0    2000fe00    00000200     UNINITIALIZED
                  2000fe00    00000004     rtsv7M4_T_le_v4SPD16_eabi.lib : boot_cortex_m.c.obj (.stack)
                  2000fe04    000001fc     --HOLE--

MODULE SUMMARY

       Module                        code   ro data   rw data
       ------                        ----   -------   -------
    .\
       Linear_Ramp_red.obj           780    0         488    
       system_msp432p401r.obj        104    0         0      
    +--+-----------------------------+------+---------+---------+
       Total:                        884    0         488    
                                                             
    .\ccs\
       startup_msp432p401r_ccs.obj   14     228       0      
    +--+-----------------------------+------+---------+---------+
       Total:                        14     228       0      
                                                             
    C:/ti/simplelink_msp432p4_sdk_2_10_00_14/source/ti/devices/msp432p4xx/driverlib/ccs/msp432p4xx_driverlib.lib
       adc14_MSP432P4XX.obj          384    128       0      
       cs_MSP432P4XX.obj             294    0         16     
       sysctl_a_MSP432P4XX.obj       48     0         0      
    +--+-----------------------------+------+---------+---------+
       Total:                        726    128       16     
                                                             
    C:\ti\ccs920\ccs\tools\compiler\ti-cgt-arm_18.12.3.LTS\lib\rtsv7M4_T_le_v4SPD16_eabi.lib
       k_rem_pio2.c.obj              1848   344       0      
       s_sin.c.obj                   1476   0         0      
       fd_add_t2.asm.obj             438    0         0      
       k_sin.c.obj                   372    0         0      
       k_cos.c.obj                   364    0         0      
       s_scalbn.c.obj                272    0         0      
       fd_cmp_t2.asm.obj             268    0         0      
       fd_mul_t2.asm.obj             252    0         0      
       s_floor.c.obj                 248    0         0      
       memcpy_t2.asm.obj             156    0         0      
       copy_decompress_lzss.c.obj    104    0         0      
       fd_toi_t2.asm.obj             72     0         0      
       autoinit.c.obj                68     0         0      
       fs_tod_t2.asm.obj             56     0         0      
       boot_cortex_m.c.obj           52     0         0      
       i_tofd_t2.asm.obj             46     0         0      
       copy_zero_init.c.obj          28     0         0      
       s_copysign.c.obj              26     0         0      
       errno.c.obj                   8      0         8      
       copy_decompress_none.c.obj    14     0         0      
       exit.c.obj                    4      0         0      
       pre_init.c.obj                4      0         0      
    +--+-----------------------------+------+---------+---------+
       Total:                        6176   344       8      
                                                             
       Stack:                        0      0         1024   
       Linker Generated:             0      64        0      
    +--+-----------------------------+------+---------+---------+
       Grand Total:                  7800   764       1536   


LINKER GENERATED COPY TABLES

__TI_cinit_table @ 00002170 records: 2, size/record: 8, table size: 16
	.data: load addr=00002140, load size=0000001c bytes, run addr=200000d0, run size=00000030 bytes, compression=lzss
	.bss: load addr=00002168, load size=00000008 bytes, run addr=20000000, run size=000000d0 bytes, compression=zero_init


LINKER GENERATED HANDLER TABLE

__TI_handler_table @ 0000215c records: 3, size/record: 4, table size: 12
	index: 0, handler: __TI_decompress_lzss
	index: 1, handler: __TI_decompress_none
	index: 2, handler: __TI_zero_init


GLOBAL SYMBOLS: SORTED ALPHABETICALLY BY Name 

address   name                              
-------   ----                              
00001e9f  ADC14_IRQHandler                  
00001e9f  ADC14_IRQHandler                  
00001eb9  ADC14_getResult                   
00001ed1  ADC14_setResolution               
0000118b  AES256_IRQHandler                 
0000118b  BusFault_Handler                  
00001f5f  C$$EXIT                           
0000118b  COMP_E0_IRQHandler                
0000118b  COMP_E1_IRQHandler                
0000118b  CS_IRQHandler                     
00001ee5  CS_setExternalClockSourceFrequency
00001f55  CS_startHFXT                      
000018c5  CS_startHFXTWithTimeout           
0000118b  DMA_ERR_IRQHandler                
0000118b  DMA_INT0_IRQHandler               
0000118b  DMA_INT1_IRQHandler               
0000118b  DMA_INT2_IRQHandler               
0000118b  DMA_INT3_IRQHandler               
0000118b  DebugMon_Handler                  
0000118b  Default_Handler                   
0000118b  EUSCIA0_IRQHandler                
0000118b  EUSCIA1_IRQHandler                
0000118b  EUSCIA2_IRQHandler                
0000118b  EUSCIA3_IRQHandler                
0000118b  EUSCIB0_IRQHandler                
0000118b  EUSCIB1_IRQHandler                
0000118b  EUSCIB2_IRQHandler                
0000118b  EUSCIB3_IRQHandler                
0000118b  FLCTL_IRQHandler                  
0000118b  FPU_IRQHandler                    
0000118b  HardFault_Handler                 
0000118b  MemManage_Handler                 
0000118b  NMI_Handler                       
0000118b  PCM_IRQHandler                    
0000118b  PORT1_IRQHandler                  
0000118b  PORT2_IRQHandler                  
0000118b  PORT3_IRQHandler                  
0000118b  PORT4_IRQHandler                  
0000118b  PORT5_IRQHandler                  
0000118b  PORT6_IRQHandler                  
0000118b  PSS_IRQHandler                    
0000118b  PendSV_Handler                    
0000118b  RTC_C_IRQHandler                  
00001f37  Reset_Handler                     
0000118b  SVC_Handler                       
00001ef9  SysCtl_A_disableNMISource         
00001f09  SysCtl_A_enableNMISource          
00001f19  SysCtl_A_getNMISourceStatus       
00001961  SysTick_Handler                   
00001961  SysTick_Handler                   
00001c15  SystemInit                        
0000118b  T32_INT1_IRQHandler               
0000118b  T32_INT2_IRQHandler               
0000118b  T32_INTC_IRQHandler               
0000118b  TA0_0_IRQHandler                  
0000118b  TA0_N_IRQHandler                  
0000118b  TA1_0_IRQHandler                  
0000118b  TA1_N_IRQHandler                  
0000118b  TA2_0_IRQHandler                  
0000118b  TA2_N_IRQHandler                  
0000118b  TA3_0_IRQHandler                  
0000118b  TA3_N_IRQHandler                  
0000118b  UsageFault_Handler                
4000480c  WDTCTL_SYM                        
0000118b  WDT_A_IRQHandler                  
20010000  __STACK_END                       
00000200  __STACK_SIZE                      
00002170  __TI_CINIT_Base                   
00002180  __TI_CINIT_Limit                  
0000215c  __TI_Handler_Table_Base           
00002168  __TI_Handler_Table_Limit          
00001d2d  __TI_auto_init_nobinit_nopinit    
00001c7d  __TI_decompress_lzss              
00001f29  __TI_decompress_none              
ffffffff  __TI_pprof_out_hndl               
ffffffff  __TI_prof_data_size               
ffffffff  __TI_prof_data_start              
00000000  __TI_static_base__                
00001e69  __TI_zero_init_nomemset           
00001a99  __aeabi_cdcmpeq                   
00001a99  __aeabi_cdcmple                   
00001b1f  __aeabi_cdrcmple                  
00001ce5  __aeabi_d2iz                      
00000fdf  __aeabi_dadd                      
000016d1  __aeabi_dmul                      
00000fd5  __aeabi_dsub                      
00001f4d  __aeabi_errno_addr                
00001dab  __aeabi_f2d                       
00001e19  __aeabi_i2d                       
000019fd  __aeabi_memcpy                    
000019fd  __aeabi_memcpy4                   
000019fd  __aeabi_memcpy8                   
ffffffff  __binit__                         
ffffffff  __c_args__                        
00001301  __kernel_cos                      
000000e5  __kernel_rem_pio2                 
0000118d  __kernel_sin                      
UNDEFED   __mpu_init                        
2000fe00  __stack                           
00001de5  _c_int00_noargs                   
UNDEFED   _system_post_cinit                
00001f5b  _system_pre_init                  
00001f5f  abort                             
00001e49  bandstop                          
200000d0  bandstopBuff                      
ffffffff  binit                             
00001e85  copysign                          
00001e85  copysignl                         
200000fc  errno                             
00001d71  filter                            
000017cd  floor                             
000017cd  floorl                            
00000000  interruptVectors                  
000015c1  ldexp                             
000015c1  ldexpl                            
00000de1  main                              
000019fd  memcpy                            
000015c1  scalbn                            
000015c1  scalbnl                           
0000081d  sin                               
0000081d  sinl                              
00001f43  updateBuffer                      


GLOBAL SYMBOLS: SORTED BY Symbol Address 

address   name                              
-------   ----                              
00000000  __TI_static_base__                
00000000  interruptVectors                  
000000e5  __kernel_rem_pio2                 
00000200  __STACK_SIZE                      
0000081d  sin                               
0000081d  sinl                              
00000de1  main                              
00000fd5  __aeabi_dsub                      
00000fdf  __aeabi_dadd                      
0000118b  AES256_IRQHandler                 
0000118b  BusFault_Handler                  
0000118b  COMP_E0_IRQHandler                
0000118b  COMP_E1_IRQHandler                
0000118b  CS_IRQHandler                     
0000118b  DMA_ERR_IRQHandler                
0000118b  DMA_INT0_IRQHandler               
0000118b  DMA_INT1_IRQHandler               
0000118b  DMA_INT2_IRQHandler               
0000118b  DMA_INT3_IRQHandler               
0000118b  DebugMon_Handler                  
0000118b  Default_Handler                   
0000118b  EUSCIA0_IRQHandler                
0000118b  EUSCIA1_IRQHandler                
0000118b  EUSCIA2_IRQHandler                
0000118b  EUSCIA3_IRQHandler                
0000118b  EUSCIB0_IRQHandler                
0000118b  EUSCIB1_IRQHandler                
0000118b  EUSCIB2_IRQHandler                
0000118b  EUSCIB3_IRQHandler                
0000118b  FLCTL_IRQHandler                  
0000118b  FPU_IRQHandler                    
0000118b  HardFault_Handler                 
0000118b  MemManage_Handler                 
0000118b  NMI_Handler                       
0000118b  PCM_IRQHandler                    
0000118b  PORT1_IRQHandler                  
0000118b  PORT2_IRQHandler                  
0000118b  PORT3_IRQHandler                  
0000118b  PORT4_IRQHandler                  
0000118b  PORT5_IRQHandler                  
0000118b  PORT6_IRQHandler                  
0000118b  PSS_IRQHandler                    
0000118b  PendSV_Handler                    
0000118b  RTC_C_IRQHandler                  
0000118b  SVC_Handler                       
0000118b  T32_INT1_IRQHandler               
0000118b  T32_INT2_IRQHandler               
0000118b  T32_INTC_IRQHandler               
0000118b  TA0_0_IRQHandler                  
0000118b  TA0_N_IRQHandler                  
0000118b  TA1_0_IRQHandler                  
0000118b  TA1_N_IRQHandler                  
0000118b  TA2_0_IRQHandler                  
0000118b  TA2_N_IRQHandler                  
0000118b  TA3_0_IRQHandler                  
0000118b  TA3_N_IRQHandler                  
0000118b  UsageFault_Handler                
0000118b  WDT_A_IRQHandler                  
0000118d  __kernel_sin                      
00001301  __kernel_cos                      
000015c1  ldexp                             
000015c1  ldexpl                            
000015c1  scalbn                            
000015c1  scalbnl                           
000016d1  __aeabi_dmul                      
000017cd  floor                             
000017cd  floorl                            
000018c5  CS_startHFXTWithTimeout           
00001961  SysTick_Handler                   
00001961  SysTick_Handler                   
000019fd  __aeabi_memcpy                    
000019fd  __aeabi_memcpy4                   
000019fd  __aeabi_memcpy8                   
000019fd  memcpy                            
00001a99  __aeabi_cdcmpeq                   
00001a99  __aeabi_cdcmple                   
00001b1f  __aeabi_cdrcmple                  
00001c15  SystemInit                        
00001c7d  __TI_decompress_lzss              
00001ce5  __aeabi_d2iz                      
00001d2d  __TI_auto_init_nobinit_nopinit    
00001d71  filter                            
00001dab  __aeabi_f2d                       
00001de5  _c_int00_noargs                   
00001e19  __aeabi_i2d                       
00001e49  bandstop                          
00001e69  __TI_zero_init_nomemset           
00001e85  copysign                          
00001e85  copysignl                         
00001e9f  ADC14_IRQHandler                  
00001e9f  ADC14_IRQHandler                  
00001eb9  ADC14_getResult                   
00001ed1  ADC14_setResolution               
00001ee5  CS_setExternalClockSourceFrequency
00001ef9  SysCtl_A_disableNMISource         
00001f09  SysCtl_A_enableNMISource          
00001f19  SysCtl_A_getNMISourceStatus       
00001f29  __TI_decompress_none              
00001f37  Reset_Handler                     
00001f43  updateBuffer                      
00001f4d  __aeabi_errno_addr                
00001f55  CS_startHFXT                      
00001f5b  _system_pre_init                  
00001f5f  C$$EXIT                           
00001f5f  abort                             
0000215c  __TI_Handler_Table_Base           
00002168  __TI_Handler_Table_Limit          
00002170  __TI_CINIT_Base                   
00002180  __TI_CINIT_Limit                  
200000d0  bandstopBuff                      
200000fc  errno                             
2000fe00  __stack                           
20010000  __STACK_END                       
4000480c  WDTCTL_SYM                        
ffffffff  __TI_pprof_out_hndl               
ffffffff  __TI_prof_data_size               
ffffffff  __TI_prof_data_start              
ffffffff  __binit__                         
ffffffff  __c_args__                        
ffffffff  binit                             
UNDEFED   __mpu_init                        
UNDEFED   _system_post_cinit                

[122 symbols]
