******************************************************************************
                  TI ARM Linker PC v18.12.3                    
******************************************************************************
>> Linked Fri Dec 13 14:03:34 2019

OUTPUT FILE NAME:   <Linear_Ramp_red.out>
ENTRY POINT SYMBOL: "_c_int00_noargs"  address: 00001ef5


MEMORY CONFIGURATION

         name            origin    length      used     unused   attr    fill
----------------------  --------  ---------  --------  --------  ----  --------
  MAIN                  00000000   00040000  000022ba  0003dd46  R  X
  INFO                  00200000   00004000  00000000  00004000  R  X
  SRAM_CODE             01000000   00010000  00000300  0000fd00  RW X
  SRAM_DATA             20000000   00010000  00000300  0000fd00  RW  


SEGMENT ALLOCATION MAP

run origin  load origin   length   init length attrs members
----------  ----------- ---------- ----------- ----- -------
00000000    00000000    000022c0   000022c0    r-x
  00000000    00000000    000000e4   000000e4    r-- .intvecs
  000000e4    000000e4    00001fb6   00001fb6    r-x .text
  000020a0    000020a0    000001d8   000001d8    r-- .const
  00002278    00002278    00000048   00000048    r-- .cinit
20000000    20000000    00000100   00000000    rw-
  20000000    20000000    000000d0   00000000    rw- .bss
  200000d0    200000d0    00000030   00000000    rw- .data
2000fe00    2000fe00    00000200   00000000    rw-
  2000fe00    2000fe00    00000200   00000000    rw- .stack


SECTION ALLOCATION MAP

 output                                  attributes/
section   page    origin      length       input sections
--------  ----  ----------  ----------   ----------------
.intvecs   0    00000000    000000e4     
                  00000000    000000e4     startup_msp432p401r_ccs.obj (.intvecs:retain)

.text      0    000000e4    00001fb6     
                  000000e4    00000738     rtsv7M4_T_le_v4SPD16_eabi.lib : k_rem_pio2.c.obj (.text:__kernel_rem_pio2)
                  0000081c    000005c4                                   : s_sin.c.obj (.text:sin)
                  00000de0    00000224     Linear_Ramp_red.obj (.text:main)
                  00001004    000001b6     rtsv7M4_T_le_v4SPD16_eabi.lib : fd_add_t2.asm.obj (.text)
                  000011ba    00000002     startup_msp432p401r_ccs.obj (.text:Default_Handler)
                  000011bc    00000174     rtsv7M4_T_le_v4SPD16_eabi.lib : k_sin.c.obj (.text:__kernel_sin)
                  00001330    0000016c                                   : k_cos.c.obj (.text:__kernel_cos)
                  0000149c    00000154     msp432p4xx_driverlib.lib : adc14_MSP432P4XX.obj (.text:_getIndexForMemRegister)
                  000015f0    00000110     rtsv7M4_T_le_v4SPD16_eabi.lib : s_scalbn.c.obj (.text:scalbn)
                  00001700    000000fc                                   : fd_mul_t2.asm.obj (.text)
                  000017fc    000000f8                                   : s_floor.c.obj (.text:floor)
                  000018f4    000000c4     Linear_Ramp_red.obj (.text:SysTick_Handler)
                  000019b8    0000009c     msp432p4xx_driverlib.lib : cs_MSP432P4XX.obj (.text:CS_startHFXTWithTimeout)
                  00001a54    0000009c     rtsv7M4_T_le_v4SPD16_eabi.lib : memcpy_t2.asm.obj (.text)
                  00001af0    00000086                                   : fd_cmp_t2.asm.obj (.text:__aeabi_cdcmple)
                  00001b76    00000086                                   : fd_cmp_t2.asm.obj (.text:__aeabi_cdrcmple)
                  00001bfc    00000078     system_msp432p401r.obj (.text:SystemInit)
                  00001c74    00000074     Linear_Ramp_red.obj (.text:filter)
                  00001ce8    00000070     msp432p4xx_driverlib.lib : cs_MSP432P4XX.obj (.text:_CSGetHFXTFrequency)
                  00001d58    0000006e     rtsv7M4_T_le_v4SPD16_eabi.lib : fd_tos_t2.asm.obj (.text)
                  00001dc6    00000068                                   : copy_decompress_lzss.c.obj (.text:decompress:lzss:__TI_decompress_lzss)
                  00001e2e    00000048                                   : fd_toi_t2.asm.obj (.text)
                  00001e76    00000002     --HOLE-- [fill = 0]
                  00001e78    00000044                                   : autoinit.c.obj (.text:__TI_auto_init_nobinit_nopinit:__TI_auto_init_nobinit_nopinit)
                  00001ebc    00000038                                   : fs_tod_t2.asm.obj (.text)
                  00001ef4    00000034                                   : boot_cortex_m.c.obj (.text:_c_int00_noargs:_c_int00_noargs)
                  00001f28    00000030     Linear_Ramp_red.obj (.text:bandstop)
                  00001f58    0000002e     rtsv7M4_T_le_v4SPD16_eabi.lib : i_tofd_t2.asm.obj (.text)
                  00001f86    00000002     --HOLE-- [fill = 0]
                  00001f88    00000020     Linear_Ramp_red.obj (.text:ADC14_IRQHandler)
                  00001fa8    0000001c     rtsv7M4_T_le_v4SPD16_eabi.lib : copy_zero_init.c.obj (.text:decompress:ZI:__TI_zero_init_nomemset:__TI_zero_init_nomemset)
                  00001fc4    0000001a                                   : s_copysign.c.obj (.text:copysign)
                  00001fde    0000001a     Linear_Ramp_red.obj (.text:shiftBuffer)
                  00001ff8    00000018     msp432p4xx_driverlib.lib : adc14_MSP432P4XX.obj (.text:ADC14_getResult)
                  00002010    00000014                              : adc14_MSP432P4XX.obj (.text:ADC14_setResolution)
                  00002024    00000014                              : cs_MSP432P4XX.obj (.text:CS_setExternalClockSourceFrequency)
                  00002038    00000010                              : sysctl_a_MSP432P4XX.obj (.text:SysCtl_A_disableNMISource)
                  00002048    00000010                              : sysctl_a_MSP432P4XX.obj (.text:SysCtl_A_enableNMISource)
                  00002058    00000010                              : sysctl_a_MSP432P4XX.obj (.text:SysCtl_A_getNMISourceStatus)
                  00002068    0000000e     rtsv7M4_T_le_v4SPD16_eabi.lib : copy_decompress_none.c.obj (.text:decompress:none:__TI_decompress_none)
                  00002076    0000000c     startup_msp432p401r_ccs.obj (.text:Reset_Handler)
                  00002082    00000002     --HOLE-- [fill = 0]
                  00002084    00000008     rtsv7M4_T_le_v4SPD16_eabi.lib : errno.c.obj (.text:__aeabi_errno_addr)
                  0000208c    00000006     msp432p4xx_driverlib.lib : cs_MSP432P4XX.obj (.text:CS_startHFXT)
                  00002092    00000004     rtsv7M4_T_le_v4SPD16_eabi.lib : pre_init.c.obj (.text:_system_pre_init)
                  00002096    00000004                                   : exit.c.obj (.text:abort:abort)

.const     0    000020a0    000001d8     
                  000020a0    00000158     rtsv7M4_T_le_v4SPD16_eabi.lib : k_rem_pio2.c.obj (.const:$O1$$)
                  000021f8    00000080     msp432p4xx_driverlib.lib : adc14_MSP432P4XX.obj (.const:_ctlRegs)

.cinit     0    00002278    00000048     
                  00002278    0000001e     (.cinit..data.load) [load image, compression = lzss]
                  00002296    00000002     --HOLE-- [fill = 0]
                  00002298    0000000c     (__TI_handler_table)
                  000022a4    00000004     --HOLE-- [fill = 0]
                  000022a8    00000008     (.cinit..bss.load) [load image, compression = zero_init]
                  000022b0    00000010     (__TI_cinit_table)

.init_array 
*          0    00000000    00000000     UNINITIALIZED

.binit     0    00000000    00000000     

.bss       0    20000000    000000d0     UNINITIALIZED
                  20000000    000000c8     Linear_Ramp_red.obj (.bss:sine_value)
                  200000c8    00000008     msp432p4xx_driverlib.lib : cs_MSP432P4XX.obj (.bss)

.data      0    200000d0    00000030     UNINITIALIZED
                  200000d0    0000000c     Linear_Ramp_red.obj (.data:a_values)
                  200000dc    0000000c     Linear_Ramp_red.obj (.data:b_values)
                  200000e8    0000000c     Linear_Ramp_red.obj (.data:bandstopBuff)
                  200000f4    00000008     Linear_Ramp_red.obj (.data)
                  200000fc    00000004     rtsv7M4_T_le_v4SPD16_eabi.lib : errno.c.obj (.data)

.stack     0    2000fe00    00000200     UNINITIALIZED
                  2000fe00    00000004     rtsv7M4_T_le_v4SPD16_eabi.lib : boot_cortex_m.c.obj (.stack)
                  2000fe04    000001fc     --HOLE--

MODULE SUMMARY

       Module                        code   ro data   rw data
       ------                        ----   -------   -------
    .\
       Linear_Ramp_red.obj           966    0         488    
       system_msp432p401r.obj        120    0         0      
    +--+-----------------------------+------+---------+---------+
       Total:                        1086   0         488    
                                                             
    .\ccs\
       startup_msp432p401r_ccs.obj   14     228       0      
    +--+-----------------------------+------+---------+---------+
       Total:                        14     228       0      
                                                             
    C:/ti/simplelink_msp432p4_sdk_2_10_00_14/source/ti/devices/msp432p4xx/driverlib/ccs/msp432p4xx_driverlib.lib
       adc14_MSP432P4XX.obj          384    128       0      
       cs_MSP432P4XX.obj             294    0         16     
       sysctl_a_MSP432P4XX.obj       48     0         0      
    +--+-----------------------------+------+---------+---------+
       Total:                        726    128       16     
                                                             
    C:\ti\ccs920\ccs\tools\compiler\ti-cgt-arm_18.12.3.LTS\lib\rtsv7M4_T_le_v4SPD16_eabi.lib
       k_rem_pio2.c.obj              1848   344       0      
       s_sin.c.obj                   1476   0         0      
       fd_add_t2.asm.obj             438    0         0      
       k_sin.c.obj                   372    0         0      
       k_cos.c.obj                   364    0         0      
       s_scalbn.c.obj                272    0         0      
       fd_cmp_t2.asm.obj             268    0         0      
       fd_mul_t2.asm.obj             252    0         0      
       s_floor.c.obj                 248    0         0      
       memcpy_t2.asm.obj             156    0         0      
       fd_tos_t2.asm.obj             110    0         0      
       copy_decompress_lzss.c.obj    104    0         0      
       fd_toi_t2.asm.obj             72     0         0      
       autoinit.c.obj                68     0         0      
       fs_tod_t2.asm.obj             56     0         0      
       boot_cortex_m.c.obj           52     0         0      
       i_tofd_t2.asm.obj             46     0         0      
       copy_zero_init.c.obj          28     0         0      
       s_copysign.c.obj              26     0         0      
       errno.c.obj                   8      0         8      
       copy_decompress_none.c.obj    14     0         0      
       exit.c.obj                    4      0         0      
       pre_init.c.obj                4      0         0      
    +--+-----------------------------+------+---------+---------+
       Total:                        6286   344       8      
                                                             
       Stack:                        0      0         1024   
       Linker Generated:             0      66        0      
    +--+-----------------------------+------+---------+---------+
       Grand Total:                  8112   766       1536   


LINKER GENERATED COPY TABLES

__TI_cinit_table @ 000022b0 records: 2, size/record: 8, table size: 16
	.data: load addr=00002278, load size=0000001e bytes, run addr=200000d0, run size=00000030 bytes, compression=lzss
	.bss: load addr=000022a8, load size=00000008 bytes, run addr=20000000, run size=000000d0 bytes, compression=zero_init


LINKER GENERATED HANDLER TABLE

__TI_handler_table @ 00002298 records: 3, size/record: 4, table size: 12
	index: 0, handler: __TI_decompress_lzss
	index: 1, handler: __TI_decompress_none
	index: 2, handler: __TI_zero_init


GLOBAL SYMBOLS: SORTED ALPHABETICALLY BY Name 

address   name                              
-------   ----                              
00001f89  ADC14_IRQHandler                  
00001f89  ADC14_IRQHandler                  
00001ff9  ADC14_getResult                   
00002011  ADC14_setResolution               
000011bb  AES256_IRQHandler                 
000011bb  BusFault_Handler                  
00002097  C$$EXIT                           
000011bb  COMP_E0_IRQHandler                
000011bb  COMP_E1_IRQHandler                
000011bb  CS_IRQHandler                     
00002025  CS_setExternalClockSourceFrequency
0000208d  CS_startHFXT                      
000019b9  CS_startHFXTWithTimeout           
000011bb  DMA_ERR_IRQHandler                
000011bb  DMA_INT0_IRQHandler               
000011bb  DMA_INT1_IRQHandler               
000011bb  DMA_INT2_IRQHandler               
000011bb  DMA_INT3_IRQHandler               
000011bb  DebugMon_Handler                  
000011bb  Default_Handler                   
000011bb  EUSCIA0_IRQHandler                
000011bb  EUSCIA1_IRQHandler                
000011bb  EUSCIA2_IRQHandler                
000011bb  EUSCIA3_IRQHandler                
000011bb  EUSCIB0_IRQHandler                
000011bb  EUSCIB1_IRQHandler                
000011bb  EUSCIB2_IRQHandler                
000011bb  EUSCIB3_IRQHandler                
000011bb  FLCTL_IRQHandler                  
000011bb  FPU_IRQHandler                    
000011bb  HardFault_Handler                 
000011bb  MemManage_Handler                 
000011bb  NMI_Handler                       
000011bb  PCM_IRQHandler                    
000011bb  PORT1_IRQHandler                  
000011bb  PORT2_IRQHandler                  
000011bb  PORT3_IRQHandler                  
000011bb  PORT4_IRQHandler                  
000011bb  PORT5_IRQHandler                  
000011bb  PORT6_IRQHandler                  
000011bb  PSS_IRQHandler                    
000011bb  PendSV_Handler                    
000011bb  RTC_C_IRQHandler                  
00002077  Reset_Handler                     
000011bb  SVC_Handler                       
00002039  SysCtl_A_disableNMISource         
00002049  SysCtl_A_enableNMISource          
00002059  SysCtl_A_getNMISourceStatus       
000018f5  SysTick_Handler                   
000018f5  SysTick_Handler                   
00001bfd  SystemInit                        
000011bb  T32_INT1_IRQHandler               
000011bb  T32_INT2_IRQHandler               
000011bb  T32_INTC_IRQHandler               
000011bb  TA0_0_IRQHandler                  
000011bb  TA0_N_IRQHandler                  
000011bb  TA1_0_IRQHandler                  
000011bb  TA1_N_IRQHandler                  
000011bb  TA2_0_IRQHandler                  
000011bb  TA2_N_IRQHandler                  
000011bb  TA3_0_IRQHandler                  
000011bb  TA3_N_IRQHandler                  
000011bb  UsageFault_Handler                
4000480c  WDTCTL_SYM                        
000011bb  WDT_A_IRQHandler                  
20010000  __STACK_END                       
00000200  __STACK_SIZE                      
000022b0  __TI_CINIT_Base                   
000022c0  __TI_CINIT_Limit                  
00002298  __TI_Handler_Table_Base           
000022a4  __TI_Handler_Table_Limit          
00001e79  __TI_auto_init_nobinit_nopinit    
00001dc7  __TI_decompress_lzss              
00002069  __TI_decompress_none              
ffffffff  __TI_pprof_out_hndl               
ffffffff  __TI_prof_data_size               
ffffffff  __TI_prof_data_start              
00000000  __TI_static_base__                
00001fa9  __TI_zero_init_nomemset           
00001af1  __aeabi_cdcmpeq                   
00001af1  __aeabi_cdcmple                   
00001b77  __aeabi_cdrcmple                  
00001d59  __aeabi_d2f                       
00001e2f  __aeabi_d2iz                      
0000100f  __aeabi_dadd                      
00001701  __aeabi_dmul                      
00001005  __aeabi_dsub                      
00002085  __aeabi_errno_addr                
00001ebd  __aeabi_f2d                       
00001f59  __aeabi_i2d                       
00001a55  __aeabi_memcpy                    
00001a55  __aeabi_memcpy4                   
00001a55  __aeabi_memcpy8                   
ffffffff  __binit__                         
ffffffff  __c_args__                        
00001331  __kernel_cos                      
000000e5  __kernel_rem_pio2                 
000011bd  __kernel_sin                      
UNDEFED   __mpu_init                        
2000fe00  __stack                           
00001ef5  _c_int00_noargs                   
UNDEFED   _system_post_cinit                
00002093  _system_pre_init                  
00002097  abort                             
00001f29  bandstop                          
200000e8  bandstopBuff                      
ffffffff  binit                             
00001fc5  copysign                          
00001fc5  copysignl                         
200000fc  errno                             
00001c75  filter                            
000017fd  floor                             
000017fd  floorl                            
00000000  interruptVectors                  
000015f1  ldexp                             
000015f1  ldexpl                            
00000de1  main                              
00001a55  memcpy                            
000015f1  scalbn                            
000015f1  scalbnl                           
00001fdf  shiftBuffer                       
0000081d  sin                               
0000081d  sinl                              


GLOBAL SYMBOLS: SORTED BY Symbol Address 

address   name                              
-------   ----                              
00000000  __TI_static_base__                
00000000  interruptVectors                  
000000e5  __kernel_rem_pio2                 
00000200  __STACK_SIZE                      
0000081d  sin                               
0000081d  sinl                              
00000de1  main                              
00001005  __aeabi_dsub                      
0000100f  __aeabi_dadd                      
000011bb  AES256_IRQHandler                 
000011bb  BusFault_Handler                  
000011bb  COMP_E0_IRQHandler                
000011bb  COMP_E1_IRQHandler                
000011bb  CS_IRQHandler                     
000011bb  DMA_ERR_IRQHandler                
000011bb  DMA_INT0_IRQHandler               
000011bb  DMA_INT1_IRQHandler               
000011bb  DMA_INT2_IRQHandler               
000011bb  DMA_INT3_IRQHandler               
000011bb  DebugMon_Handler                  
000011bb  Default_Handler                   
000011bb  EUSCIA0_IRQHandler                
000011bb  EUSCIA1_IRQHandler                
000011bb  EUSCIA2_IRQHandler                
000011bb  EUSCIA3_IRQHandler                
000011bb  EUSCIB0_IRQHandler                
000011bb  EUSCIB1_IRQHandler                
000011bb  EUSCIB2_IRQHandler                
000011bb  EUSCIB3_IRQHandler                
000011bb  FLCTL_IRQHandler                  
000011bb  FPU_IRQHandler                    
000011bb  HardFault_Handler                 
000011bb  MemManage_Handler                 
000011bb  NMI_Handler                       
000011bb  PCM_IRQHandler                    
000011bb  PORT1_IRQHandler                  
000011bb  PORT2_IRQHandler                  
000011bb  PORT3_IRQHandler                  
000011bb  PORT4_IRQHandler                  
000011bb  PORT5_IRQHandler                  
000011bb  PORT6_IRQHandler                  
000011bb  PSS_IRQHandler                    
000011bb  PendSV_Handler                    
000011bb  RTC_C_IRQHandler                  
000011bb  SVC_Handler                       
000011bb  T32_INT1_IRQHandler               
000011bb  T32_INT2_IRQHandler               
000011bb  T32_INTC_IRQHandler               
000011bb  TA0_0_IRQHandler                  
000011bb  TA0_N_IRQHandler                  
000011bb  TA1_0_IRQHandler                  
000011bb  TA1_N_IRQHandler                  
000011bb  TA2_0_IRQHandler                  
000011bb  TA2_N_IRQHandler                  
000011bb  TA3_0_IRQHandler                  
000011bb  TA3_N_IRQHandler                  
000011bb  UsageFault_Handler                
000011bb  WDT_A_IRQHandler                  
000011bd  __kernel_sin                      
00001331  __kernel_cos                      
000015f1  ldexp                             
000015f1  ldexpl                            
000015f1  scalbn                            
000015f1  scalbnl                           
00001701  __aeabi_dmul                      
000017fd  floor                             
000017fd  floorl                            
000018f5  SysTick_Handler                   
000018f5  SysTick_Handler                   
000019b9  CS_startHFXTWithTimeout           
00001a55  __aeabi_memcpy                    
00001a55  __aeabi_memcpy4                   
00001a55  __aeabi_memcpy8                   
00001a55  memcpy                            
00001af1  __aeabi_cdcmpeq                   
00001af1  __aeabi_cdcmple                   
00001b77  __aeabi_cdrcmple                  
00001bfd  SystemInit                        
00001c75  filter                            
00001d59  __aeabi_d2f                       
00001dc7  __TI_decompress_lzss              
00001e2f  __aeabi_d2iz                      
00001e79  __TI_auto_init_nobinit_nopinit    
00001ebd  __aeabi_f2d                       
00001ef5  _c_int00_noargs                   
00001f29  bandstop                          
00001f59  __aeabi_i2d                       
00001f89  ADC14_IRQHandler                  
00001f89  ADC14_IRQHandler                  
00001fa9  __TI_zero_init_nomemset           
00001fc5  copysign                          
00001fc5  copysignl                         
00001fdf  shiftBuffer                       
00001ff9  ADC14_getResult                   
00002011  ADC14_setResolution               
00002025  CS_setExternalClockSourceFrequency
00002039  SysCtl_A_disableNMISource         
00002049  SysCtl_A_enableNMISource          
00002059  SysCtl_A_getNMISourceStatus       
00002069  __TI_decompress_none              
00002077  Reset_Handler                     
00002085  __aeabi_errno_addr                
0000208d  CS_startHFXT                      
00002093  _system_pre_init                  
00002097  C$$EXIT                           
00002097  abort                             
00002298  __TI_Handler_Table_Base           
000022a4  __TI_Handler_Table_Limit          
000022b0  __TI_CINIT_Base                   
000022c0  __TI_CINIT_Limit                  
200000e8  bandstopBuff                      
200000fc  errno                             
2000fe00  __stack                           
20010000  __STACK_END                       
4000480c  WDTCTL_SYM                        
ffffffff  __TI_pprof_out_hndl               
ffffffff  __TI_prof_data_size               
ffffffff  __TI_prof_data_start              
ffffffff  __binit__                         
ffffffff  __c_args__                        
ffffffff  binit                             
UNDEFED   __mpu_init                        
UNDEFED   _system_post_cinit                

[123 symbols]
