<?xml version="1.0" encoding="ISO-8859-1" ?>
<link_info>
   <banner>TI ARM Linker PC v18.12.3.LTS</banner>
   <copyright>Copyright (c) 1996-2018 Texas Instruments Incorporated</copyright>
   <link_time>0x5df39a36</link_time>
   <link_errors>0x0</link_errors>
   <output_file>Linear_Ramp_red.out</output_file>
   <entry_point>
      <name>_c_int00_noargs</name>
      <address>0x1ef5</address>
   </entry_point>
   <input_file_list>
      <input_file id="fl-2">
         <path>.\</path>
         <kind>object</kind>
         <file>Linear_Ramp_red.obj</file>
         <name>Linear_Ramp_red.obj</name>
      </input_file>
      <input_file id="fl-3">
         <path>.\</path>
         <kind>object</kind>
         <file>system_msp432p401r.obj</file>
         <name>system_msp432p401r.obj</name>
      </input_file>
      <input_file id="fl-4">
         <path>.\ccs\</path>
         <kind>object</kind>
         <file>startup_msp432p401r_ccs.obj</file>
         <name>startup_msp432p401r_ccs.obj</name>
      </input_file>
      <input_file id="fl-e">
         <kind>object</kind>
         <file>&lt;internal&gt;</file>
         <name>&lt;internal&gt;</name>
      </input_file>
      <input_file id="fl-f">
         <path>C:\ti\simplelink_msp432p4_sdk_2_10_00_14\source\ti\devices\msp432p4xx\driverlib\ccs\</path>
         <kind>archive</kind>
         <file>msp432p4xx_driverlib.lib</file>
         <name>adc14_MSP432P4XX.obj</name>
      </input_file>
      <input_file id="fl-10">
         <path>C:\ti\simplelink_msp432p4_sdk_2_10_00_14\source\ti\devices\msp432p4xx\driverlib\ccs\</path>
         <kind>archive</kind>
         <file>msp432p4xx_driverlib.lib</file>
         <name>cs_MSP432P4XX.obj</name>
      </input_file>
      <input_file id="fl-11">
         <path>C:\ti\simplelink_msp432p4_sdk_2_10_00_14\source\ti\devices\msp432p4xx\driverlib\ccs\</path>
         <kind>archive</kind>
         <file>msp432p4xx_driverlib.lib</file>
         <name>interrupt_MSP432P4XX.obj</name>
      </input_file>
      <input_file id="fl-12">
         <path>C:\ti\simplelink_msp432p4_sdk_2_10_00_14\source\ti\devices\msp432p4xx\driverlib\ccs\</path>
         <kind>archive</kind>
         <file>msp432p4xx_driverlib.lib</file>
         <name>sysctl_a_MSP432P4XX.obj</name>
      </input_file>
      <input_file id="fl-13">
         <path>C:\ti\simplelink_msp432p4_sdk_2_10_00_14\source\ti\devices\msp432p4xx\driverlib\ccs\</path>
         <kind>archive</kind>
         <file>msp432p4xx_driverlib.lib</file>
         <name>cpu_MSP432P4XX.obj</name>
      </input_file>
      <input_file id="fl-c9">
         <path>C:\ti\ccs920\ccs\tools\compiler\ti-cgt-arm_18.12.3.LTS\lib\</path>
         <kind>archive</kind>
         <file>rtsv7M4_T_le_v4SPD16_eabi.lib</file>
         <name>s_sin.c.obj</name>
      </input_file>
      <input_file id="fl-ca">
         <path>C:\ti\ccs920\ccs\tools\compiler\ti-cgt-arm_18.12.3.LTS\lib\</path>
         <kind>archive</kind>
         <file>rtsv7M4_T_le_v4SPD16_eabi.lib</file>
         <name>fd_add_t2.asm.obj</name>
      </input_file>
      <input_file id="fl-cb">
         <path>C:\ti\ccs920\ccs\tools\compiler\ti-cgt-arm_18.12.3.LTS\lib\</path>
         <kind>archive</kind>
         <file>rtsv7M4_T_le_v4SPD16_eabi.lib</file>
         <name>fd_cmp_t2.asm.obj</name>
      </input_file>
      <input_file id="fl-cc">
         <path>C:\ti\ccs920\ccs\tools\compiler\ti-cgt-arm_18.12.3.LTS\lib\</path>
         <kind>archive</kind>
         <file>rtsv7M4_T_le_v4SPD16_eabi.lib</file>
         <name>fd_mul_t2.asm.obj</name>
      </input_file>
      <input_file id="fl-cd">
         <path>C:\ti\ccs920\ccs\tools\compiler\ti-cgt-arm_18.12.3.LTS\lib\</path>
         <kind>archive</kind>
         <file>rtsv7M4_T_le_v4SPD16_eabi.lib</file>
         <name>fd_toi_t2.asm.obj</name>
      </input_file>
      <input_file id="fl-ce">
         <path>C:\ti\ccs920\ccs\tools\compiler\ti-cgt-arm_18.12.3.LTS\lib\</path>
         <kind>archive</kind>
         <file>rtsv7M4_T_le_v4SPD16_eabi.lib</file>
         <name>fd_tos_t2.asm.obj</name>
      </input_file>
      <input_file id="fl-cf">
         <path>C:\ti\ccs920\ccs\tools\compiler\ti-cgt-arm_18.12.3.LTS\lib\</path>
         <kind>archive</kind>
         <file>rtsv7M4_T_le_v4SPD16_eabi.lib</file>
         <name>fs_tod_t2.asm.obj</name>
      </input_file>
      <input_file id="fl-d0">
         <path>C:\ti\ccs920\ccs\tools\compiler\ti-cgt-arm_18.12.3.LTS\lib\</path>
         <kind>archive</kind>
         <file>rtsv7M4_T_le_v4SPD16_eabi.lib</file>
         <name>i_tofd_t2.asm.obj</name>
      </input_file>
      <input_file id="fl-d1">
         <path>C:\ti\ccs920\ccs\tools\compiler\ti-cgt-arm_18.12.3.LTS\lib\</path>
         <kind>archive</kind>
         <file>rtsv7M4_T_le_v4SPD16_eabi.lib</file>
         <name>copy_zero_init.c.obj</name>
      </input_file>
      <input_file id="fl-d2">
         <path>C:\ti\ccs920\ccs\tools\compiler\ti-cgt-arm_18.12.3.LTS\lib\</path>
         <kind>archive</kind>
         <file>rtsv7M4_T_le_v4SPD16_eabi.lib</file>
         <name>copy_decompress_none.c.obj</name>
      </input_file>
      <input_file id="fl-d3">
         <path>C:\ti\ccs920\ccs\tools\compiler\ti-cgt-arm_18.12.3.LTS\lib\</path>
         <kind>archive</kind>
         <file>rtsv7M4_T_le_v4SPD16_eabi.lib</file>
         <name>copy_decompress_lzss.c.obj</name>
      </input_file>
      <input_file id="fl-d4">
         <path>C:\ti\ccs920\ccs\tools\compiler\ti-cgt-arm_18.12.3.LTS\lib\</path>
         <kind>archive</kind>
         <file>rtsv7M4_T_le_v4SPD16_eabi.lib</file>
         <name>k_rem_pio2.c.obj</name>
      </input_file>
      <input_file id="fl-d5">
         <path>C:\ti\ccs920\ccs\tools\compiler\ti-cgt-arm_18.12.3.LTS\lib\</path>
         <kind>archive</kind>
         <file>rtsv7M4_T_le_v4SPD16_eabi.lib</file>
         <name>boot_cortex_m.c.obj</name>
      </input_file>
      <input_file id="fl-d6">
         <path>C:\ti\ccs920\ccs\tools\compiler\ti-cgt-arm_18.12.3.LTS\lib\</path>
         <kind>archive</kind>
         <file>rtsv7M4_T_le_v4SPD16_eabi.lib</file>
         <name>k_cos.c.obj</name>
      </input_file>
      <input_file id="fl-d7">
         <path>C:\ti\ccs920\ccs\tools\compiler\ti-cgt-arm_18.12.3.LTS\lib\</path>
         <kind>archive</kind>
         <file>rtsv7M4_T_le_v4SPD16_eabi.lib</file>
         <name>k_sin.c.obj</name>
      </input_file>
      <input_file id="fl-d8">
         <path>C:\ti\ccs920\ccs\tools\compiler\ti-cgt-arm_18.12.3.LTS\lib\</path>
         <kind>archive</kind>
         <file>rtsv7M4_T_le_v4SPD16_eabi.lib</file>
         <name>s_floor.c.obj</name>
      </input_file>
      <input_file id="fl-d9">
         <path>C:\ti\ccs920\ccs\tools\compiler\ti-cgt-arm_18.12.3.LTS\lib\</path>
         <kind>archive</kind>
         <file>rtsv7M4_T_le_v4SPD16_eabi.lib</file>
         <name>s_scalbn.c.obj</name>
      </input_file>
      <input_file id="fl-da">
         <path>C:\ti\ccs920\ccs\tools\compiler\ti-cgt-arm_18.12.3.LTS\lib\</path>
         <kind>archive</kind>
         <file>rtsv7M4_T_le_v4SPD16_eabi.lib</file>
         <name>memset_t2.asm.obj</name>
      </input_file>
      <input_file id="fl-db">
         <path>C:\ti\ccs920\ccs\tools\compiler\ti-cgt-arm_18.12.3.LTS\lib\</path>
         <kind>archive</kind>
         <file>rtsv7M4_T_le_v4SPD16_eabi.lib</file>
         <name>memcpy_t2.asm.obj</name>
      </input_file>
      <input_file id="fl-dc">
         <path>C:\ti\ccs920\ccs\tools\compiler\ti-cgt-arm_18.12.3.LTS\lib\</path>
         <kind>archive</kind>
         <file>rtsv7M4_T_le_v4SPD16_eabi.lib</file>
         <name>autoinit.c.obj</name>
      </input_file>
      <input_file id="fl-dd">
         <path>C:\ti\ccs920\ccs\tools\compiler\ti-cgt-arm_18.12.3.LTS\lib\</path>
         <kind>archive</kind>
         <file>rtsv7M4_T_le_v4SPD16_eabi.lib</file>
         <name>pre_init.c.obj</name>
      </input_file>
      <input_file id="fl-de">
         <path>C:\ti\ccs920\ccs\tools\compiler\ti-cgt-arm_18.12.3.LTS\lib\</path>
         <kind>archive</kind>
         <file>rtsv7M4_T_le_v4SPD16_eabi.lib</file>
         <name>cpy_tbl.c.obj</name>
      </input_file>
      <input_file id="fl-df">
         <path>C:\ti\ccs920\ccs\tools\compiler\ti-cgt-arm_18.12.3.LTS\lib\</path>
         <kind>archive</kind>
         <file>rtsv7M4_T_le_v4SPD16_eabi.lib</file>
         <name>exit.c.obj</name>
      </input_file>
      <input_file id="fl-e0">
         <path>C:\ti\ccs920\ccs\tools\compiler\ti-cgt-arm_18.12.3.LTS\lib\</path>
         <kind>archive</kind>
         <file>rtsv7M4_T_le_v4SPD16_eabi.lib</file>
         <name>_lock.c.obj</name>
      </input_file>
      <input_file id="fl-e1">
         <path>C:\ti\ccs920\ccs\tools\compiler\ti-cgt-arm_18.12.3.LTS\lib\</path>
         <kind>archive</kind>
         <file>rtsv7M4_T_le_v4SPD16_eabi.lib</file>
         <name>args_main.c.obj</name>
      </input_file>
      <input_file id="fl-e2">
         <path>C:\ti\ccs920\ccs\tools\compiler\ti-cgt-arm_18.12.3.LTS\lib\</path>
         <kind>archive</kind>
         <file>rtsv7M4_T_le_v4SPD16_eabi.lib</file>
         <name>errno.c.obj</name>
      </input_file>
      <input_file id="fl-e3">
         <path>C:\ti\ccs920\ccs\tools\compiler\ti-cgt-arm_18.12.3.LTS\lib\</path>
         <kind>archive</kind>
         <file>rtsv7M4_T_le_v4SPD16_eabi.lib</file>
         <name>s_copysign.c.obj</name>
      </input_file>
   </input_file_list>
   <object_component_list>
      <object_component id="oc-23">
         <name>.intvecs:retain</name>
         <load_address>0x0</load_address>
         <run_address>0x0</run_address>
         <size>0xe4</size>
         <input_file_ref idref="fl-4"/>
      </object_component>
      <object_component id="oc-1b0">
         <name>.text:__kernel_rem_pio2</name>
         <load_address>0xe4</load_address>
         <run_address>0xe4</run_address>
         <size>0x738</size>
         <input_file_ref idref="fl-d4"/>
      </object_component>
      <object_component id="oc-fa">
         <name>.text:sin</name>
         <load_address>0x81c</load_address>
         <run_address>0x81c</run_address>
         <size>0x5c4</size>
         <input_file_ref idref="fl-c9"/>
      </object_component>
      <object_component id="oc-a2">
         <name>.text:main</name>
         <load_address>0xde0</load_address>
         <run_address>0xde0</run_address>
         <size>0x224</size>
         <input_file_ref idref="fl-2"/>
      </object_component>
      <object_component id="oc-1a1">
         <name>.text</name>
         <load_address>0x1004</load_address>
         <run_address>0x1004</run_address>
         <size>0x1b6</size>
         <input_file_ref idref="fl-ca"/>
      </object_component>
      <object_component id="oc-6a">
         <name>.text:Default_Handler</name>
         <load_address>0x11ba</load_address>
         <run_address>0x11ba</run_address>
         <size>0x2</size>
         <input_file_ref idref="fl-4"/>
      </object_component>
      <object_component id="oc-19b">
         <name>.text:__kernel_sin</name>
         <load_address>0x11bc</load_address>
         <run_address>0x11bc</run_address>
         <size>0x174</size>
         <input_file_ref idref="fl-d7"/>
      </object_component>
      <object_component id="oc-1b6">
         <name>.text:__kernel_cos</name>
         <load_address>0x1330</load_address>
         <run_address>0x1330</run_address>
         <size>0x16c</size>
         <input_file_ref idref="fl-d6"/>
      </object_component>
      <object_component id="oc-157">
         <name>.text:_getIndexForMemRegister</name>
         <load_address>0x149c</load_address>
         <run_address>0x149c</run_address>
         <size>0x154</size>
         <input_file_ref idref="fl-f"/>
      </object_component>
      <object_component id="oc-208">
         <name>.text:scalbn</name>
         <load_address>0x15f0</load_address>
         <run_address>0x15f0</run_address>
         <size>0x110</size>
         <input_file_ref idref="fl-d9"/>
      </object_component>
      <object_component id="oc-f5">
         <name>.text</name>
         <load_address>0x1700</load_address>
         <run_address>0x1700</run_address>
         <size>0xfc</size>
         <input_file_ref idref="fl-cc"/>
      </object_component>
      <object_component id="oc-20e">
         <name>.text:floor</name>
         <load_address>0x17fc</load_address>
         <run_address>0x17fc</run_address>
         <size>0xf8</size>
         <input_file_ref idref="fl-d8"/>
      </object_component>
      <object_component id="oc-70">
         <name>.text:SysTick_Handler</name>
         <load_address>0x18f4</load_address>
         <run_address>0x18f4</run_address>
         <size>0xc4</size>
         <input_file_ref idref="fl-2"/>
      </object_component>
      <object_component id="oc-1c9">
         <name>.text:CS_startHFXTWithTimeout</name>
         <load_address>0x19b8</load_address>
         <run_address>0x19b8</run_address>
         <size>0x9c</size>
         <input_file_ref idref="fl-10"/>
      </object_component>
      <object_component id="oc-34">
         <name>.text</name>
         <load_address>0x1a54</load_address>
         <run_address>0x1a54</run_address>
         <size>0x9c</size>
         <input_file_ref idref="fl-db"/>
      </object_component>
      <object_component id="oc-1ab">
         <name>.text:__aeabi_cdcmple</name>
         <load_address>0x1af0</load_address>
         <run_address>0x1af0</run_address>
         <size>0x86</size>
         <input_file_ref idref="fl-cb"/>
      </object_component>
      <object_component id="oc-214">
         <name>.text:__aeabi_cdrcmple</name>
         <load_address>0x1b76</load_address>
         <run_address>0x1b76</run_address>
         <size>0x86</size>
         <input_file_ref idref="fl-cb"/>
      </object_component>
      <object_component id="oc-b4">
         <name>.text:SystemInit</name>
         <load_address>0x1bfc</load_address>
         <run_address>0x1bfc</run_address>
         <size>0x78</size>
         <input_file_ref idref="fl-3"/>
      </object_component>
      <object_component id="oc-171">
         <name>.text:filter</name>
         <load_address>0x1c74</load_address>
         <run_address>0x1c74</run_address>
         <size>0x74</size>
         <input_file_ref idref="fl-2"/>
      </object_component>
      <object_component id="oc-251">
         <name>.text:_CSGetHFXTFrequency</name>
         <load_address>0x1ce8</load_address>
         <run_address>0x1ce8</run_address>
         <size>0x70</size>
         <input_file_ref idref="fl-10"/>
      </object_component>
      <object_component id="oc-100">
         <name>.text</name>
         <load_address>0x1d58</load_address>
         <run_address>0x1d58</run_address>
         <size>0x6e</size>
         <input_file_ref idref="fl-ce"/>
      </object_component>
      <object_component id="oc-14">
         <name>.text:decompress:lzss:__TI_decompress_lzss</name>
         <load_address>0x1dc6</load_address>
         <run_address>0x1dc6</run_address>
         <size>0x68</size>
         <input_file_ref idref="fl-d3"/>
      </object_component>
      <object_component id="oc-196">
         <name>.text</name>
         <load_address>0x1e2e</load_address>
         <run_address>0x1e2e</run_address>
         <size>0x48</size>
         <input_file_ref idref="fl-cd"/>
      </object_component>
      <object_component id="oc-124">
         <name>.text:__TI_auto_init_nobinit_nopinit:__TI_auto_init_nobinit_nopinit</name>
         <load_address>0x1e78</load_address>
         <run_address>0x1e78</run_address>
         <size>0x44</size>
         <input_file_ref idref="fl-dc"/>
      </object_component>
      <object_component id="oc-f0">
         <name>.text</name>
         <load_address>0x1ebc</load_address>
         <run_address>0x1ebc</run_address>
         <size>0x38</size>
         <input_file_ref idref="fl-cf"/>
      </object_component>
      <object_component id="oc-52">
         <name>.text:_c_int00_noargs:_c_int00_noargs</name>
         <load_address>0x1ef4</load_address>
         <run_address>0x1ef4</run_address>
         <size>0x34</size>
         <input_file_ref idref="fl-d5"/>
      </object_component>
      <object_component id="oc-c2">
         <name>.text:bandstop</name>
         <load_address>0x1f28</load_address>
         <run_address>0x1f28</run_address>
         <size>0x30</size>
         <input_file_ref idref="fl-2"/>
      </object_component>
      <object_component id="oc-1a6">
         <name>.text</name>
         <load_address>0x1f58</load_address>
         <run_address>0x1f58</run_address>
         <size>0x2e</size>
         <input_file_ref idref="fl-d0"/>
      </object_component>
      <object_component id="oc-76">
         <name>.text:ADC14_IRQHandler</name>
         <load_address>0x1f88</load_address>
         <run_address>0x1f88</run_address>
         <size>0x20</size>
         <input_file_ref idref="fl-2"/>
      </object_component>
      <object_component id="oc-40">
         <name>.text:decompress:ZI:__TI_zero_init_nomemset:__TI_zero_init_nomemset</name>
         <load_address>0x1fa8</load_address>
         <run_address>0x1fa8</run_address>
         <size>0x1c</size>
         <input_file_ref idref="fl-d1"/>
      </object_component>
      <object_component id="oc-289">
         <name>.text:copysign</name>
         <load_address>0x1fc4</load_address>
         <run_address>0x1fc4</run_address>
         <size>0x1a</size>
         <input_file_ref idref="fl-e3"/>
      </object_component>
      <object_component id="oc-16b">
         <name>.text:shiftBuffer</name>
         <load_address>0x1fde</load_address>
         <run_address>0x1fde</run_address>
         <size>0x1a</size>
         <input_file_ref idref="fl-2"/>
      </object_component>
      <object_component id="oc-bc">
         <name>.text:ADC14_getResult</name>
         <load_address>0x1ff8</load_address>
         <run_address>0x1ff8</run_address>
         <size>0x18</size>
         <input_file_ref idref="fl-f"/>
      </object_component>
      <object_component id="oc-111">
         <name>.text:ADC14_setResolution</name>
         <load_address>0x2010</load_address>
         <run_address>0x2010</run_address>
         <size>0x14</size>
         <input_file_ref idref="fl-f"/>
      </object_component>
      <object_component id="oc-105">
         <name>.text:CS_setExternalClockSourceFrequency</name>
         <load_address>0x2024</load_address>
         <run_address>0x2024</run_address>
         <size>0x14</size>
         <input_file_ref idref="fl-10"/>
      </object_component>
      <object_component id="oc-24b">
         <name>.text:SysCtl_A_disableNMISource</name>
         <load_address>0x2038</load_address>
         <run_address>0x2038</run_address>
         <size>0x10</size>
         <input_file_ref idref="fl-12"/>
      </object_component>
      <object_component id="oc-257">
         <name>.text:SysCtl_A_enableNMISource</name>
         <load_address>0x2048</load_address>
         <run_address>0x2048</run_address>
         <size>0x10</size>
         <input_file_ref idref="fl-12"/>
      </object_component>
      <object_component id="oc-245">
         <name>.text:SysCtl_A_getNMISourceStatus</name>
         <load_address>0x2058</load_address>
         <run_address>0x2058</run_address>
         <size>0x10</size>
         <input_file_ref idref="fl-12"/>
      </object_component>
      <object_component id="oc-1a">
         <name>.text:decompress:none:__TI_decompress_none</name>
         <load_address>0x2068</load_address>
         <run_address>0x2068</run_address>
         <size>0xe</size>
         <input_file_ref idref="fl-d2"/>
      </object_component>
      <object_component id="oc-64">
         <name>.text:Reset_Handler</name>
         <load_address>0x2076</load_address>
         <run_address>0x2076</run_address>
         <size>0xc</size>
         <input_file_ref idref="fl-4"/>
      </object_component>
      <object_component id="oc-283">
         <name>.text:__aeabi_errno_addr</name>
         <load_address>0x2084</load_address>
         <run_address>0x2084</run_address>
         <size>0x8</size>
         <input_file_ref idref="fl-e2"/>
      </object_component>
      <object_component id="oc-10b">
         <name>.text:CS_startHFXT</name>
         <load_address>0x208c</load_address>
         <run_address>0x208c</run_address>
         <size>0x6</size>
         <input_file_ref idref="fl-10"/>
      </object_component>
      <object_component id="oc-9c">
         <name>.text:_system_pre_init</name>
         <load_address>0x2092</load_address>
         <run_address>0x2092</run_address>
         <size>0x4</size>
         <input_file_ref idref="fl-dd"/>
      </object_component>
      <object_component id="oc-118">
         <name>.text:abort:abort</name>
         <load_address>0x2096</load_address>
         <run_address>0x2096</run_address>
         <size>0x4</size>
         <input_file_ref idref="fl-df"/>
      </object_component>
      <object_component id="oc-219">
         <name>.const:$O1$$</name>
         <load_address>0x20a0</load_address>
         <run_address>0x20a0</run_address>
         <size>0x158</size>
         <input_file_ref idref="fl-d4"/>
      </object_component>
      <object_component id="oc-15d">
         <name>.const:_ctlRegs</name>
         <load_address>0x21f8</load_address>
         <run_address>0x21f8</run_address>
         <size>0x80</size>
         <input_file_ref idref="fl-f"/>
      </object_component>
      <object_component id="oc-2f2">
         <name>.cinit..data.load</name>
         <load_address>0x2278</load_address>
         <run_address>0x2278</run_address>
         <size>0x1e</size>
      </object_component>
      <object_component id="oc-2f0">
         <name>__TI_handler_table</name>
         <load_address>0x2298</load_address>
         <run_address>0x2298</run_address>
         <size>0xc</size>
      </object_component>
      <object_component id="oc-2f3">
         <name>.cinit..bss.load</name>
         <load_address>0x22a8</load_address>
         <run_address>0x22a8</run_address>
         <size>0x8</size>
      </object_component>
      <object_component id="oc-2f1">
         <name>__TI_cinit_table</name>
         <load_address>0x22b0</load_address>
         <run_address>0x22b0</run_address>
         <size>0x10</size>
      </object_component>
      <object_component id="oc-2c5">
         <name>.binit</name>
         <load_address>0x0</load_address>
         <run_address>0x0</run_address>
         <size>0x0</size>
      </object_component>
      <object_component id="oc-17a">
         <name>.data:b_values</name>
         <load_address>0x200000dc</load_address>
         <run_address>0x200000dc</run_address>
         <size>0xc</size>
         <input_file_ref idref="fl-2"/>
      </object_component>
      <object_component id="oc-17d">
         <name>.data:a_values</name>
         <load_address>0x200000d0</load_address>
         <run_address>0x200000d0</run_address>
         <size>0xc</size>
         <input_file_ref idref="fl-2"/>
      </object_component>
      <object_component id="oc-177">
         <name>.data:bandstopBuff</name>
         <load_address>0x200000e8</load_address>
         <run_address>0x200000e8</run_address>
         <size>0xc</size>
         <input_file_ref idref="fl-2"/>
      </object_component>
      <object_component id="oc-c8">
         <name>.data</name>
         <load_address>0x200000f4</load_address>
         <run_address>0x200000f4</run_address>
         <size>0x8</size>
         <input_file_ref idref="fl-2"/>
      </object_component>
      <object_component id="oc-2b3">
         <name>.data</name>
         <load_address>0x200000fc</load_address>
         <run_address>0x200000fc</run_address>
         <size>0x4</size>
         <input_file_ref idref="fl-e2"/>
      </object_component>
      <object_component id="oc-c9">
         <name>.bss:sine_value</name>
         <uninitialized>true</uninitialized>
         <run_address>0x20000000</run_address>
         <size>0xc8</size>
         <input_file_ref idref="fl-2"/>
      </object_component>
      <object_component id="oc-1c4">
         <name>.bss</name>
         <uninitialized>true</uninitialized>
         <run_address>0x200000c8</run_address>
         <size>0x8</size>
         <input_file_ref idref="fl-10"/>
      </object_component>
      <object_component id="oc-26">
         <name>.stack</name>
         <uninitialized>true</uninitialized>
         <run_address>0x2000fe00</run_address>
         <size>0x4</size>
         <input_file_ref idref="fl-d5"/>
      </object_component>
      <object_component id="oc-2f4">
         <name>.stack</name>
         <uninitialized>true</uninitialized>
         <run_address>0x2000fe00</run_address>
         <size>0x0</size>
      </object_component>
      <object_component id="oc-cd">
         <name>.debug_info</name>
         <load_address>0x0</load_address>
         <run_address>0x0</run_address>
         <size>0x680</size>
         <input_file_ref idref="fl-2"/>
      </object_component>
      <object_component id="oc-ca">
         <name>.debug_info</name>
         <load_address>0x680</load_address>
         <run_address>0x680</run_address>
         <size>0xe6</size>
         <input_file_ref idref="fl-2"/>
      </object_component>
      <object_component id="oc-17b">
         <name>.debug_info</name>
         <load_address>0x766</load_address>
         <run_address>0x766</run_address>
         <size>0xe2</size>
         <input_file_ref idref="fl-2"/>
      </object_component>
      <object_component id="oc-17e">
         <name>.debug_info</name>
         <load_address>0x848</load_address>
         <run_address>0x848</run_address>
         <size>0xe2</size>
         <input_file_ref idref="fl-2"/>
      </object_component>
      <object_component id="oc-178">
         <name>.debug_info</name>
         <load_address>0x92a</load_address>
         <run_address>0x92a</run_address>
         <size>0xeb</size>
         <input_file_ref idref="fl-2"/>
      </object_component>
      <object_component id="oc-a3">
         <name>.debug_info</name>
         <load_address>0xa15</load_address>
         <run_address>0xa15</run_address>
         <size>0x241</size>
         <input_file_ref idref="fl-2"/>
      </object_component>
      <object_component id="oc-16c">
         <name>.debug_info</name>
         <load_address>0xc56</load_address>
         <run_address>0xc56</run_address>
         <size>0x140</size>
         <input_file_ref idref="fl-2"/>
      </object_component>
      <object_component id="oc-172">
         <name>.debug_info</name>
         <load_address>0xd96</load_address>
         <run_address>0xd96</run_address>
         <size>0x18c</size>
         <input_file_ref idref="fl-2"/>
      </object_component>
      <object_component id="oc-c3">
         <name>.debug_info</name>
         <load_address>0xf22</load_address>
         <run_address>0xf22</run_address>
         <size>0x184</size>
         <input_file_ref idref="fl-2"/>
      </object_component>
      <object_component id="oc-71">
         <name>.debug_info</name>
         <load_address>0x10a6</load_address>
         <run_address>0x10a6</run_address>
         <size>0x1e0</size>
         <input_file_ref idref="fl-2"/>
      </object_component>
      <object_component id="oc-77">
         <name>.debug_info</name>
         <load_address>0x1286</load_address>
         <run_address>0x1286</run_address>
         <size>0x157</size>
         <input_file_ref idref="fl-2"/>
      </object_component>
      <object_component id="oc-db">
         <name>.debug_info</name>
         <load_address>0x13dd</load_address>
         <run_address>0x13dd</run_address>
         <size>0x26b</size>
         <input_file_ref idref="fl-2"/>
      </object_component>
      <object_component id="oc-18a">
         <name>.debug_info</name>
         <load_address>0x1648</load_address>
         <run_address>0x1648</run_address>
         <size>0x1055</size>
         <input_file_ref idref="fl-2"/>
      </object_component>
      <object_component id="oc-185">
         <name>.debug_info</name>
         <load_address>0x269d</load_address>
         <run_address>0x269d</run_address>
         <size>0x37e2</size>
         <input_file_ref idref="fl-2"/>
      </object_component>
      <object_component id="oc-ce">
         <name>.debug_info</name>
         <load_address>0x5e7f</load_address>
         <run_address>0x5e7f</run_address>
         <size>0x8b</size>
         <input_file_ref idref="fl-2"/>
      </object_component>
      <object_component id="oc-18f">
         <name>.debug_info</name>
         <load_address>0x5f0a</load_address>
         <run_address>0x5f0a</run_address>
         <size>0x297</size>
         <input_file_ref idref="fl-2"/>
      </object_component>
      <object_component id="oc-161">
         <name>.debug_info</name>
         <load_address>0x61a1</load_address>
         <run_address>0x61a1</run_address>
         <size>0xef</size>
         <input_file_ref idref="fl-2"/>
      </object_component>
      <object_component id="oc-d4">
         <name>.debug_info</name>
         <load_address>0x6290</load_address>
         <run_address>0x6290</run_address>
         <size>0xbb</size>
         <input_file_ref idref="fl-2"/>
      </object_component>
      <object_component id="oc-b5">
         <name>.debug_info</name>
         <load_address>0x634b</load_address>
         <run_address>0x634b</run_address>
         <size>0x133</size>
         <input_file_ref idref="fl-3"/>
      </object_component>
      <object_component id="oc-2f">
         <name>.debug_info</name>
         <load_address>0x647e</load_address>
         <run_address>0x647e</run_address>
         <size>0x84</size>
         <input_file_ref idref="fl-3"/>
      </object_component>
      <object_component id="oc-7e">
         <name>.debug_info</name>
         <load_address>0x6502</load_address>
         <run_address>0x6502</run_address>
         <size>0x2d3</size>
         <input_file_ref idref="fl-4"/>
      </object_component>
      <object_component id="oc-24">
         <name>.debug_info</name>
         <load_address>0x67d5</load_address>
         <run_address>0x67d5</run_address>
         <size>0xff</size>
         <input_file_ref idref="fl-4"/>
      </object_component>
      <object_component id="oc-68">
         <name>.debug_info</name>
         <load_address>0x68d4</load_address>
         <run_address>0x68d4</run_address>
         <size>0x162</size>
         <input_file_ref idref="fl-4"/>
      </object_component>
      <object_component id="oc-6e">
         <name>.debug_info</name>
         <load_address>0x6a36</load_address>
         <run_address>0x6a36</run_address>
         <size>0x14a</size>
         <input_file_ref idref="fl-4"/>
      </object_component>
      <object_component id="oc-1d1">
         <name>.debug_info</name>
         <load_address>0x6b80</load_address>
         <run_address>0x6b80</run_address>
         <size>0x715</size>
         <input_file_ref idref="fl-f"/>
      </object_component>
      <object_component id="oc-15e">
         <name>.debug_info</name>
         <load_address>0x7295</load_address>
         <run_address>0x7295</run_address>
         <size>0x11f</size>
         <input_file_ref idref="fl-f"/>
      </object_component>
      <object_component id="oc-112">
         <name>.debug_info</name>
         <load_address>0x73b4</load_address>
         <run_address>0x73b4</run_address>
         <size>0x1e4</size>
         <input_file_ref idref="fl-f"/>
      </object_component>
      <object_component id="oc-158">
         <name>.debug_info</name>
         <load_address>0x7598</load_address>
         <run_address>0x7598</run_address>
         <size>0x284</size>
         <input_file_ref idref="fl-f"/>
      </object_component>
      <object_component id="oc-bd">
         <name>.debug_info</name>
         <load_address>0x781c</load_address>
         <run_address>0x781c</run_address>
         <size>0x1e8</size>
         <input_file_ref idref="fl-f"/>
      </object_component>
      <object_component id="oc-236">
         <name>.debug_info</name>
         <load_address>0x7a04</load_address>
         <run_address>0x7a04</run_address>
         <size>0x431a</size>
         <input_file_ref idref="fl-f"/>
      </object_component>
      <object_component id="oc-240">
         <name>.debug_info</name>
         <load_address>0xbd1e</load_address>
         <run_address>0xbd1e</run_address>
         <size>0x26b</size>
         <input_file_ref idref="fl-f"/>
      </object_component>
      <object_component id="oc-23b">
         <name>.debug_info</name>
         <load_address>0xbf89</load_address>
         <run_address>0xbf89</run_address>
         <size>0x1055</size>
         <input_file_ref idref="fl-f"/>
      </object_component>
      <object_component id="oc-1f5">
         <name>.debug_info</name>
         <load_address>0xcfde</load_address>
         <run_address>0xcfde</run_address>
         <size>0x297</size>
         <input_file_ref idref="fl-f"/>
      </object_component>
      <object_component id="oc-166">
         <name>.debug_info</name>
         <load_address>0xd275</load_address>
         <run_address>0xd275</run_address>
         <size>0xbb</size>
         <input_file_ref idref="fl-f"/>
      </object_component>
      <object_component id="oc-1c8">
         <name>.debug_info</name>
         <load_address>0xd330</load_address>
         <run_address>0xd330</run_address>
         <size>0x822</size>
         <input_file_ref idref="fl-10"/>
      </object_component>
      <object_component id="oc-1c5">
         <name>.debug_info</name>
         <load_address>0xdb52</load_address>
         <run_address>0xdb52</run_address>
         <size>0x13d</size>
         <input_file_ref idref="fl-10"/>
      </object_component>
      <object_component id="oc-253">
         <name>.debug_info</name>
         <load_address>0xdc8f</load_address>
         <run_address>0xdc8f</run_address>
         <size>0x1ab</size>
         <input_file_ref idref="fl-10"/>
      </object_component>
      <object_component id="oc-1cb">
         <name>.debug_info</name>
         <load_address>0xde3a</load_address>
         <run_address>0xde3a</run_address>
         <size>0x2f1</size>
         <input_file_ref idref="fl-10"/>
      </object_component>
      <object_component id="oc-10d">
         <name>.debug_info</name>
         <load_address>0xe12b</load_address>
         <run_address>0xe12b</run_address>
         <size>0x1d1</size>
         <input_file_ref idref="fl-10"/>
      </object_component>
      <object_component id="oc-107">
         <name>.debug_info</name>
         <load_address>0xe2fc</load_address>
         <run_address>0xe2fc</run_address>
         <size>0x28c</size>
         <input_file_ref idref="fl-10"/>
      </object_component>
      <object_component id="oc-231">
         <name>.debug_info</name>
         <load_address>0xe588</load_address>
         <run_address>0xe588</run_address>
         <size>0x1b5</size>
         <input_file_ref idref="fl-10"/>
      </object_component>
      <object_component id="oc-2a1">
         <name>.debug_info</name>
         <load_address>0xe73d</load_address>
         <run_address>0xe73d</run_address>
         <size>0x5de</size>
         <input_file_ref idref="fl-12"/>
      </object_component>
      <object_component id="oc-247">
         <name>.debug_info</name>
         <load_address>0xed1b</load_address>
         <run_address>0xed1b</run_address>
         <size>0x1c8</size>
         <input_file_ref idref="fl-12"/>
      </object_component>
      <object_component id="oc-259">
         <name>.debug_info</name>
         <load_address>0xeee3</load_address>
         <run_address>0xeee3</run_address>
         <size>0x1e4</size>
         <input_file_ref idref="fl-12"/>
      </object_component>
      <object_component id="oc-24d">
         <name>.debug_info</name>
         <load_address>0xf0c7</load_address>
         <run_address>0xf0c7</run_address>
         <size>0x1e6</size>
         <input_file_ref idref="fl-12"/>
      </object_component>
      <object_component id="oc-1bd">
         <name>.debug_info</name>
         <load_address>0xf2ad</load_address>
         <run_address>0xf2ad</run_address>
         <size>0x367</size>
         <input_file_ref idref="fl-c9"/>
      </object_component>
      <object_component id="oc-fb">
         <name>.debug_info</name>
         <load_address>0xf614</load_address>
         <run_address>0xf614</run_address>
         <size>0x797</size>
         <input_file_ref idref="fl-c9"/>
      </object_component>
      <object_component id="oc-228">
         <name>.debug_info</name>
         <load_address>0xfdab</load_address>
         <run_address>0xfdab</run_address>
         <size>0x46</size>
         <input_file_ref idref="fl-c9"/>
      </object_component>
      <object_component id="oc-1be">
         <name>.debug_info</name>
         <load_address>0xfdf1</load_address>
         <run_address>0xfdf1</run_address>
         <size>0x39</size>
         <input_file_ref idref="fl-c9"/>
      </object_component>
      <object_component id="oc-1a2">
         <name>.debug_info</name>
         <load_address>0xfe2a</load_address>
         <run_address>0xfe2a</run_address>
         <size>0x14d</size>
         <input_file_ref idref="fl-ca"/>
      </object_component>
      <object_component id="oc-1ac">
         <name>.debug_info</name>
         <load_address>0xff77</load_address>
         <run_address>0xff77</run_address>
         <size>0x129</size>
         <input_file_ref idref="fl-cb"/>
      </object_component>
      <object_component id="oc-215">
         <name>.debug_info</name>
         <load_address>0x100a0</load_address>
         <run_address>0x100a0</run_address>
         <size>0x12b</size>
         <input_file_ref idref="fl-cb"/>
      </object_component>
      <object_component id="oc-f7">
         <name>.debug_info</name>
         <load_address>0x101cb</load_address>
         <run_address>0x101cb</run_address>
         <size>0x13b</size>
         <input_file_ref idref="fl-cc"/>
      </object_component>
      <object_component id="oc-198">
         <name>.debug_info</name>
         <load_address>0x10306</load_address>
         <run_address>0x10306</run_address>
         <size>0x12f</size>
         <input_file_ref idref="fl-cd"/>
      </object_component>
      <object_component id="oc-101">
         <name>.debug_info</name>
         <load_address>0x10435</load_address>
         <run_address>0x10435</run_address>
         <size>0x13f</size>
         <input_file_ref idref="fl-ce"/>
      </object_component>
      <object_component id="oc-f1">
         <name>.debug_info</name>
         <load_address>0x10574</load_address>
         <run_address>0x10574</run_address>
         <size>0x12d</size>
         <input_file_ref idref="fl-cf"/>
      </object_component>
      <object_component id="oc-1a7">
         <name>.debug_info</name>
         <load_address>0x106a1</load_address>
         <run_address>0x106a1</run_address>
         <size>0x12d</size>
         <input_file_ref idref="fl-d0"/>
      </object_component>
      <object_component id="oc-95">
         <name>.debug_info</name>
         <load_address>0x107ce</load_address>
         <run_address>0x107ce</run_address>
         <size>0x2d5</size>
         <input_file_ref idref="fl-d1"/>
      </object_component>
      <object_component id="oc-41">
         <name>.debug_info</name>
         <load_address>0x10aa3</load_address>
         <run_address>0x10aa3</run_address>
         <size>0x1d3</size>
         <input_file_ref idref="fl-d1"/>
      </object_component>
      <object_component id="oc-90">
         <name>.debug_info</name>
         <load_address>0x10c76</load_address>
         <run_address>0x10c76</run_address>
         <size>0x46</size>
         <input_file_ref idref="fl-d1"/>
      </object_component>
      <object_component id="oc-e7">
         <name>.debug_info</name>
         <load_address>0x10cbc</load_address>
         <run_address>0x10cbc</run_address>
         <size>0x2c</size>
         <input_file_ref idref="fl-d1"/>
      </object_component>
      <object_component id="oc-3f">
         <name>.debug_info</name>
         <load_address>0x10ce8</load_address>
         <run_address>0x10ce8</run_address>
         <size>0x2a9</size>
         <input_file_ref idref="fl-d2"/>
      </object_component>
      <object_component id="oc-1b">
         <name>.debug_info</name>
         <load_address>0x10f91</load_address>
         <run_address>0x10f91</run_address>
         <size>0x1eb</size>
         <input_file_ref idref="fl-d2"/>
      </object_component>
      <object_component id="oc-3a">
         <name>.debug_info</name>
         <load_address>0x1117c</load_address>
         <run_address>0x1117c</run_address>
         <size>0x46</size>
         <input_file_ref idref="fl-d2"/>
      </object_component>
      <object_component id="oc-88">
         <name>.debug_info</name>
         <load_address>0x111c2</load_address>
         <run_address>0x111c2</run_address>
         <size>0x2c</size>
         <input_file_ref idref="fl-d2"/>
      </object_component>
      <object_component id="oc-86">
         <name>.debug_info</name>
         <load_address>0x111ee</load_address>
         <run_address>0x111ee</run_address>
         <size>0x29f</size>
         <input_file_ref idref="fl-d3"/>
      </object_component>
      <object_component id="oc-16">
         <name>.debug_info</name>
         <load_address>0x1148d</load_address>
         <run_address>0x1148d</run_address>
         <size>0x251</size>
         <input_file_ref idref="fl-d3"/>
      </object_component>
      <object_component id="oc-2a">
         <name>.debug_info</name>
         <load_address>0x116de</load_address>
         <run_address>0x116de</run_address>
         <size>0x60</size>
         <input_file_ref idref="fl-d3"/>
      </object_component>
      <object_component id="oc-e0">
         <name>.debug_info</name>
         <load_address>0x1173e</load_address>
         <run_address>0x1173e</run_address>
         <size>0x46</size>
         <input_file_ref idref="fl-d3"/>
      </object_component>
      <object_component id="oc-81">
         <name>.debug_info</name>
         <load_address>0x11784</load_address>
         <run_address>0x11784</run_address>
         <size>0x39</size>
         <input_file_ref idref="fl-d3"/>
      </object_component>
      <object_component id="oc-21d">
         <name>.debug_info</name>
         <load_address>0x117bd</load_address>
         <run_address>0x117bd</run_address>
         <size>0x3ab</size>
         <input_file_ref idref="fl-d4"/>
      </object_component>
      <object_component id="oc-21a">
         <name>.debug_info</name>
         <load_address>0x11b68</load_address>
         <run_address>0x11b68</run_address>
         <size>0x13b</size>
         <input_file_ref idref="fl-d4"/>
      </object_component>
      <object_component id="oc-1b1">
         <name>.debug_info</name>
         <load_address>0x11ca3</load_address>
         <run_address>0x11ca3</run_address>
         <size>0x730</size>
         <input_file_ref idref="fl-d4"/>
      </object_component>
      <object_component id="oc-298">
         <name>.debug_info</name>
         <load_address>0x123d3</load_address>
         <run_address>0x123d3</run_address>
         <size>0x39</size>
         <input_file_ref idref="fl-d4"/>
      </object_component>
      <object_component id="oc-21f">
         <name>.debug_info</name>
         <load_address>0x1240c</load_address>
         <run_address>0x1240c</run_address>
         <size>0x2c</size>
         <input_file_ref idref="fl-d4"/>
      </object_component>
      <object_component id="oc-27">
         <name>.debug_info</name>
         <load_address>0x12438</load_address>
         <run_address>0x12438</run_address>
         <size>0x10c</size>
         <input_file_ref idref="fl-d5"/>
      </object_component>
      <object_component id="oc-53">
         <name>.debug_info</name>
         <load_address>0x12544</load_address>
         <run_address>0x12544</run_address>
         <size>0x1aa</size>
         <input_file_ref idref="fl-d5"/>
      </object_component>
      <object_component id="oc-225">
         <name>.debug_info</name>
         <load_address>0x126ee</load_address>
         <run_address>0x126ee</run_address>
         <size>0x28e</size>
         <input_file_ref idref="fl-d6"/>
      </object_component>
      <object_component id="oc-1b7">
         <name>.debug_info</name>
         <load_address>0x1297c</load_address>
         <run_address>0x1297c</run_address>
         <size>0x328</size>
         <input_file_ref idref="fl-d6"/>
      </object_component>
      <object_component id="oc-204">
         <name>.debug_info</name>
         <load_address>0x12ca4</load_address>
         <run_address>0x12ca4</run_address>
         <size>0x293</size>
         <input_file_ref idref="fl-d7"/>
      </object_component>
      <object_component id="oc-19c">
         <name>.debug_info</name>
         <load_address>0x12f37</load_address>
         <run_address>0x12f37</run_address>
         <size>0x381</size>
         <input_file_ref idref="fl-d7"/>
      </object_component>
      <object_component id="oc-292">
         <name>.debug_info</name>
         <load_address>0x132b8</load_address>
         <run_address>0x132b8</run_address>
         <size>0x290</size>
         <input_file_ref idref="fl-d8"/>
      </object_component>
      <object_component id="oc-20f">
         <name>.debug_info</name>
         <load_address>0x13548</load_address>
         <run_address>0x13548</run_address>
         <size>0x22b</size>
         <input_file_ref idref="fl-d8"/>
      </object_component>
      <object_component id="oc-290">
         <name>.debug_info</name>
         <load_address>0x13773</load_address>
         <run_address>0x13773</run_address>
         <size>0x2fe</size>
         <input_file_ref idref="fl-d9"/>
      </object_component>
      <object_component id="oc-209">
         <name>.debug_info</name>
         <load_address>0x13a71</load_address>
         <run_address>0x13a71</run_address>
         <size>0x226</size>
         <input_file_ref idref="fl-d9"/>
      </object_component>
      <object_component id="oc-37">
         <name>.debug_info</name>
         <load_address>0x13c97</load_address>
         <run_address>0x13c97</run_address>
         <size>0x11a</size>
         <input_file_ref idref="fl-db"/>
      </object_component>
      <object_component id="oc-1dd">
         <name>.debug_info</name>
         <load_address>0x13db1</load_address>
         <run_address>0x13db1</run_address>
         <size>0x4b4</size>
         <input_file_ref idref="fl-dc"/>
      </object_component>
      <object_component id="oc-125">
         <name>.debug_info</name>
         <load_address>0x14265</load_address>
         <run_address>0x14265</run_address>
         <size>0x1a7</size>
         <input_file_ref idref="fl-dc"/>
      </object_component>
      <object_component id="oc-270">
         <name>.debug_info</name>
         <load_address>0x1440c</load_address>
         <run_address>0x1440c</run_address>
         <size>0x39</size>
         <input_file_ref idref="fl-dc"/>
      </object_component>
      <object_component id="oc-2a7">
         <name>.debug_info</name>
         <load_address>0x14445</load_address>
         <run_address>0x14445</run_address>
         <size>0x39</size>
         <input_file_ref idref="fl-dc"/>
      </object_component>
      <object_component id="oc-275">
         <name>.debug_info</name>
         <load_address>0x1447e</load_address>
         <run_address>0x1447e</run_address>
         <size>0x39</size>
         <input_file_ref idref="fl-dc"/>
      </object_component>
      <object_component id="oc-27a">
         <name>.debug_info</name>
         <load_address>0x144b7</load_address>
         <run_address>0x144b7</run_address>
         <size>0xcd</size>
         <input_file_ref idref="fl-dc"/>
      </object_component>
      <object_component id="oc-9d">
         <name>.debug_info</name>
         <load_address>0x14584</load_address>
         <run_address>0x14584</run_address>
         <size>0x154</size>
         <input_file_ref idref="fl-dd"/>
      </object_component>
      <object_component id="oc-11c">
         <name>.debug_info</name>
         <load_address>0x146d8</load_address>
         <run_address>0x146d8</run_address>
         <size>0x123</size>
         <input_file_ref idref="fl-df"/>
      </object_component>
      <object_component id="oc-2b7">
         <name>.debug_info</name>
         <load_address>0x147fb</load_address>
         <run_address>0x147fb</run_address>
         <size>0x28a</size>
         <input_file_ref idref="fl-e2"/>
      </object_component>
      <object_component id="oc-2b4">
         <name>.debug_info</name>
         <load_address>0x14a85</load_address>
         <run_address>0x14a85</run_address>
         <size>0x10f</size>
         <input_file_ref idref="fl-e2"/>
      </object_component>
      <object_component id="oc-286">
         <name>.debug_info</name>
         <load_address>0x14b94</load_address>
         <run_address>0x14b94</run_address>
         <size>0x14f</size>
         <input_file_ref idref="fl-e2"/>
      </object_component>
      <object_component id="oc-28a">
         <name>.debug_info</name>
         <load_address>0x14ce3</load_address>
         <run_address>0x14ce3</run_address>
         <size>0x162</size>
         <input_file_ref idref="fl-e3"/>
      </object_component>
      <object_component id="oc-2f5">
         <name>.debug_info</name>
         <load_address>0x14e45</load_address>
         <run_address>0x14e45</run_address>
         <size>0xa7</size>
      </object_component>
      <object_component id="oc-184">
         <name>.debug_line</name>
         <load_address>0x0</load_address>
         <run_address>0x0</run_address>
         <size>0x11c</size>
         <input_file_ref idref="fl-2"/>
      </object_component>
      <object_component id="oc-182">
         <name>.debug_line</name>
         <load_address>0x11c</load_address>
         <run_address>0x11c</run_address>
         <size>0x38</size>
         <input_file_ref idref="fl-2"/>
      </object_component>
      <object_component id="oc-1ff">
         <name>.debug_line</name>
         <load_address>0x154</load_address>
         <run_address>0x154</run_address>
         <size>0x38</size>
         <input_file_ref idref="fl-2"/>
      </object_component>
      <object_component id="oc-201">
         <name>.debug_line</name>
         <load_address>0x18c</load_address>
         <run_address>0x18c</run_address>
         <size>0x38</size>
         <input_file_ref idref="fl-2"/>
      </object_component>
      <object_component id="oc-1fd">
         <name>.debug_line</name>
         <load_address>0x1c4</load_address>
         <run_address>0x1c4</run_address>
         <size>0x38</size>
         <input_file_ref idref="fl-2"/>
      </object_component>
      <object_component id="oc-a6">
         <name>.debug_line</name>
         <load_address>0x1fc</load_address>
         <run_address>0x1fc</run_address>
         <size>0x8d</size>
         <input_file_ref idref="fl-2"/>
      </object_component>
      <object_component id="oc-16f">
         <name>.debug_line</name>
         <load_address>0x289</load_address>
         <run_address>0x289</run_address>
         <size>0x51</size>
         <input_file_ref idref="fl-2"/>
      </object_component>
      <object_component id="oc-175">
         <name>.debug_line</name>
         <load_address>0x2da</load_address>
         <run_address>0x2da</run_address>
         <size>0x56</size>
         <input_file_ref idref="fl-2"/>
      </object_component>
      <object_component id="oc-c6">
         <name>.debug_line</name>
         <load_address>0x330</load_address>
         <run_address>0x330</run_address>
         <size>0x56</size>
         <input_file_ref idref="fl-2"/>
      </object_component>
      <object_component id="oc-74">
         <name>.debug_line</name>
         <load_address>0x386</load_address>
         <run_address>0x386</run_address>
         <size>0x69</size>
         <input_file_ref idref="fl-2"/>
      </object_component>
      <object_component id="oc-7a">
         <name>.debug_line</name>
         <load_address>0x3ef</load_address>
         <run_address>0x3ef</run_address>
         <size>0x53</size>
         <input_file_ref idref="fl-2"/>
      </object_component>
      <object_component id="oc-de">
         <name>.debug_line</name>
         <load_address>0x442</load_address>
         <run_address>0x442</run_address>
         <size>0x6f</size>
         <input_file_ref idref="fl-2"/>
      </object_component>
      <object_component id="oc-18d">
         <name>.debug_line</name>
         <load_address>0x4b1</load_address>
         <run_address>0x4b1</run_address>
         <size>0x78</size>
         <input_file_ref idref="fl-2"/>
      </object_component>
      <object_component id="oc-188">
         <name>.debug_line</name>
         <load_address>0x529</load_address>
         <run_address>0x529</run_address>
         <size>0x7b</size>
         <input_file_ref idref="fl-2"/>
      </object_component>
      <object_component id="oc-d1">
         <name>.debug_line</name>
         <load_address>0x5a4</load_address>
         <run_address>0x5a4</run_address>
         <size>0x20</size>
         <input_file_ref idref="fl-2"/>
      </object_component>
      <object_component id="oc-192">
         <name>.debug_line</name>
         <load_address>0x5c4</load_address>
         <run_address>0x5c4</run_address>
         <size>0x73</size>
         <input_file_ref idref="fl-2"/>
      </object_component>
      <object_component id="oc-164">
         <name>.debug_line</name>
         <load_address>0x637</load_address>
         <run_address>0x637</run_address>
         <size>0x6f</size>
         <input_file_ref idref="fl-2"/>
      </object_component>
      <object_component id="oc-d7">
         <name>.debug_line</name>
         <load_address>0x6a6</load_address>
         <run_address>0x6a6</run_address>
         <size>0x70</size>
         <input_file_ref idref="fl-2"/>
      </object_component>
      <object_component id="oc-b8">
         <name>.debug_line</name>
         <load_address>0x716</load_address>
         <run_address>0x716</run_address>
         <size>0x66</size>
         <input_file_ref idref="fl-3"/>
      </object_component>
      <object_component id="oc-32">
         <name>.debug_line</name>
         <load_address>0x77c</load_address>
         <run_address>0x77c</run_address>
         <size>0x20</size>
         <input_file_ref idref="fl-3"/>
      </object_component>
      <object_component id="oc-da">
         <name>.debug_line</name>
         <load_address>0x79c</load_address>
         <run_address>0x79c</run_address>
         <size>0x44</size>
         <input_file_ref idref="fl-4"/>
      </object_component>
      <object_component id="oc-7d">
         <name>.debug_line</name>
         <load_address>0x7e0</load_address>
         <run_address>0x7e0</run_address>
         <size>0x44</size>
         <input_file_ref idref="fl-4"/>
      </object_component>
      <object_component id="oc-67">
         <name>.debug_line</name>
         <load_address>0x824</load_address>
         <run_address>0x824</run_address>
         <size>0x5d</size>
         <input_file_ref idref="fl-4"/>
      </object_component>
      <object_component id="oc-6c">
         <name>.debug_line</name>
         <load_address>0x881</load_address>
         <run_address>0x881</run_address>
         <size>0x59</size>
         <input_file_ref idref="fl-4"/>
      </object_component>
      <object_component id="oc-25f">
         <name>.debug_line</name>
         <load_address>0x8da</load_address>
         <run_address>0x8da</run_address>
         <size>0x56</size>
         <input_file_ref idref="fl-f"/>
      </object_component>
      <object_component id="oc-1f4">
         <name>.debug_line</name>
         <load_address>0x930</load_address>
         <run_address>0x930</run_address>
         <size>0x52</size>
         <input_file_ref idref="fl-f"/>
      </object_component>
      <object_component id="oc-115">
         <name>.debug_line</name>
         <load_address>0x982</load_address>
         <run_address>0x982</run_address>
         <size>0x67</size>
         <input_file_ref idref="fl-f"/>
      </object_component>
      <object_component id="oc-15c">
         <name>.debug_line</name>
         <load_address>0x9e9</load_address>
         <run_address>0x9e9</run_address>
         <size>0x89</size>
         <input_file_ref idref="fl-f"/>
      </object_component>
      <object_component id="oc-c0">
         <name>.debug_line</name>
         <load_address>0xa72</load_address>
         <run_address>0xa72</run_address>
         <size>0x67</size>
         <input_file_ref idref="fl-f"/>
      </object_component>
      <object_component id="oc-239">
         <name>.debug_line</name>
         <load_address>0xad9</load_address>
         <run_address>0xad9</run_address>
         <size>0x51</size>
         <input_file_ref idref="fl-f"/>
      </object_component>
      <object_component id="oc-243">
         <name>.debug_line</name>
         <load_address>0xb2a</load_address>
         <run_address>0xb2a</run_address>
         <size>0x62</size>
         <input_file_ref idref="fl-f"/>
      </object_component>
      <object_component id="oc-23e">
         <name>.debug_line</name>
         <load_address>0xb8c</load_address>
         <run_address>0xb8c</run_address>
         <size>0x4f</size>
         <input_file_ref idref="fl-f"/>
      </object_component>
      <object_component id="oc-1f8">
         <name>.debug_line</name>
         <load_address>0xbdb</load_address>
         <run_address>0xbdb</run_address>
         <size>0x66</size>
         <input_file_ref idref="fl-f"/>
      </object_component>
      <object_component id="oc-169">
         <name>.debug_line</name>
         <load_address>0xc41</load_address>
         <run_address>0xc41</run_address>
         <size>0x63</size>
         <input_file_ref idref="fl-f"/>
      </object_component>
      <object_component id="oc-230">
         <name>.debug_line</name>
         <load_address>0xca4</load_address>
         <run_address>0xca4</run_address>
         <size>0x8b</size>
         <input_file_ref idref="fl-10"/>
      </object_component>
      <object_component id="oc-22e">
         <name>.debug_line</name>
         <load_address>0xd2f</load_address>
         <run_address>0xd2f</run_address>
         <size>0x4f</size>
         <input_file_ref idref="fl-10"/>
      </object_component>
      <object_component id="oc-256">
         <name>.debug_line</name>
         <load_address>0xd7e</load_address>
         <run_address>0xd7e</run_address>
         <size>0x88</size>
         <input_file_ref idref="fl-10"/>
      </object_component>
      <object_component id="oc-1ce">
         <name>.debug_line</name>
         <load_address>0xe06</load_address>
         <run_address>0xe06</run_address>
         <size>0x9a</size>
         <input_file_ref idref="fl-10"/>
      </object_component>
      <object_component id="oc-110">
         <name>.debug_line</name>
         <load_address>0xea0</load_address>
         <run_address>0xea0</run_address>
         <size>0x64</size>
         <input_file_ref idref="fl-10"/>
      </object_component>
      <object_component id="oc-10a">
         <name>.debug_line</name>
         <load_address>0xf04</load_address>
         <run_address>0xf04</run_address>
         <size>0x65</size>
         <input_file_ref idref="fl-10"/>
      </object_component>
      <object_component id="oc-234">
         <name>.debug_line</name>
         <load_address>0xf69</load_address>
         <run_address>0xf69</run_address>
         <size>0x55</size>
         <input_file_ref idref="fl-10"/>
      </object_component>
      <object_component id="oc-2be">
         <name>.debug_line</name>
         <load_address>0xfbe</load_address>
         <run_address>0xfbe</run_address>
         <size>0x20</size>
         <input_file_ref idref="fl-12"/>
      </object_component>
      <object_component id="oc-24a">
         <name>.debug_line</name>
         <load_address>0xfde</load_address>
         <run_address>0xfde</run_address>
         <size>0x67</size>
         <input_file_ref idref="fl-12"/>
      </object_component>
      <object_component id="oc-25c">
         <name>.debug_line</name>
         <load_address>0x1045</load_address>
         <run_address>0x1045</run_address>
         <size>0x67</size>
         <input_file_ref idref="fl-12"/>
      </object_component>
      <object_component id="oc-24f">
         <name>.debug_line</name>
         <load_address>0x10ac</load_address>
         <run_address>0x10ac</run_address>
         <size>0x67</size>
         <input_file_ref idref="fl-12"/>
      </object_component>
      <object_component id="oc-227">
         <name>.debug_line</name>
         <load_address>0x1113</load_address>
         <run_address>0x1113</run_address>
         <size>0x32</size>
         <input_file_ref idref="fl-c9"/>
      </object_component>
      <object_component id="oc-ff">
         <name>.debug_line</name>
         <load_address>0x1145</load_address>
         <run_address>0x1145</run_address>
         <size>0x1f7</size>
         <input_file_ref idref="fl-c9"/>
      </object_component>
      <object_component id="oc-22b">
         <name>.debug_line</name>
         <load_address>0x133c</load_address>
         <run_address>0x133c</run_address>
         <size>0x9a</size>
         <input_file_ref idref="fl-c9"/>
      </object_component>
      <object_component id="oc-1c1">
         <name>.debug_line</name>
         <load_address>0x13d6</load_address>
         <run_address>0x13d6</run_address>
         <size>0x97</size>
         <input_file_ref idref="fl-c9"/>
      </object_component>
      <object_component id="oc-1a5">
         <name>.debug_line</name>
         <load_address>0x146d</load_address>
         <run_address>0x146d</run_address>
         <size>0xd2</size>
         <input_file_ref idref="fl-ca"/>
      </object_component>
      <object_component id="oc-1af">
         <name>.debug_line</name>
         <load_address>0x153f</load_address>
         <run_address>0x153f</run_address>
         <size>0x77</size>
         <input_file_ref idref="fl-cb"/>
      </object_component>
      <object_component id="oc-218">
         <name>.debug_line</name>
         <load_address>0x15b6</load_address>
         <run_address>0x15b6</run_address>
         <size>0x77</size>
         <input_file_ref idref="fl-cb"/>
      </object_component>
      <object_component id="oc-f9">
         <name>.debug_line</name>
         <load_address>0x162d</load_address>
         <run_address>0x162d</run_address>
         <size>0x8e</size>
         <input_file_ref idref="fl-cc"/>
      </object_component>
      <object_component id="oc-19a">
         <name>.debug_line</name>
         <load_address>0x16bb</load_address>
         <run_address>0x16bb</run_address>
         <size>0x5a</size>
         <input_file_ref idref="fl-cd"/>
      </object_component>
      <object_component id="oc-104">
         <name>.debug_line</name>
         <load_address>0x1715</load_address>
         <run_address>0x1715</run_address>
         <size>0x67</size>
         <input_file_ref idref="fl-ce"/>
      </object_component>
      <object_component id="oc-f4">
         <name>.debug_line</name>
         <load_address>0x177c</load_address>
         <run_address>0x177c</run_address>
         <size>0x57</size>
         <input_file_ref idref="fl-cf"/>
      </object_component>
      <object_component id="oc-1aa">
         <name>.debug_line</name>
         <load_address>0x17d3</load_address>
         <run_address>0x17d3</run_address>
         <size>0x50</size>
         <input_file_ref idref="fl-d0"/>
      </object_component>
      <object_component id="oc-ed">
         <name>.debug_line</name>
         <load_address>0x1823</load_address>
         <run_address>0x1823</run_address>
         <size>0x92</size>
         <input_file_ref idref="fl-d1"/>
      </object_component>
      <object_component id="oc-45">
         <name>.debug_line</name>
         <load_address>0x18b5</load_address>
         <run_address>0x18b5</run_address>
         <size>0x56</size>
         <input_file_ref idref="fl-d1"/>
      </object_component>
      <object_component id="oc-93">
         <name>.debug_line</name>
         <load_address>0x190b</load_address>
         <run_address>0x190b</run_address>
         <size>0x34</size>
         <input_file_ref idref="fl-d1"/>
      </object_component>
      <object_component id="oc-ea">
         <name>.debug_line</name>
         <load_address>0x193f</load_address>
         <run_address>0x193f</run_address>
         <size>0x92</size>
         <input_file_ref idref="fl-d1"/>
      </object_component>
      <object_component id="oc-8e">
         <name>.debug_line</name>
         <load_address>0x19d1</load_address>
         <run_address>0x19d1</run_address>
         <size>0x20</size>
         <input_file_ref idref="fl-d2"/>
      </object_component>
      <object_component id="oc-1f">
         <name>.debug_line</name>
         <load_address>0x19f1</load_address>
         <run_address>0x19f1</run_address>
         <size>0x55</size>
         <input_file_ref idref="fl-d2"/>
      </object_component>
      <object_component id="oc-3d">
         <name>.debug_line</name>
         <load_address>0x1a46</load_address>
         <run_address>0x1a46</run_address>
         <size>0x3a</size>
         <input_file_ref idref="fl-d2"/>
      </object_component>
      <object_component id="oc-8b">
         <name>.debug_line</name>
         <load_address>0x1a80</load_address>
         <run_address>0x1a80</run_address>
         <size>0x92</size>
         <input_file_ref idref="fl-d2"/>
      </object_component>
      <object_component id="oc-e6">
         <name>.debug_line</name>
         <load_address>0x1b12</load_address>
         <run_address>0x1b12</run_address>
         <size>0x20</size>
         <input_file_ref idref="fl-d3"/>
      </object_component>
      <object_component id="oc-19">
         <name>.debug_line</name>
         <load_address>0x1b32</load_address>
         <run_address>0x1b32</run_address>
         <size>0xa9</size>
         <input_file_ref idref="fl-d3"/>
      </object_component>
      <object_component id="oc-2d">
         <name>.debug_line</name>
         <load_address>0x1bdb</load_address>
         <run_address>0x1bdb</run_address>
         <size>0x3a</size>
         <input_file_ref idref="fl-d3"/>
      </object_component>
      <object_component id="oc-e3">
         <name>.debug_line</name>
         <load_address>0x1c15</load_address>
         <run_address>0x1c15</run_address>
         <size>0x9a</size>
         <input_file_ref idref="fl-d3"/>
      </object_component>
      <object_component id="oc-84">
         <name>.debug_line</name>
         <load_address>0x1caf</load_address>
         <run_address>0x1caf</run_address>
         <size>0x96</size>
         <input_file_ref idref="fl-d3"/>
      </object_component>
      <object_component id="oc-297">
         <name>.debug_line</name>
         <load_address>0x1d45</load_address>
         <run_address>0x1d45</run_address>
         <size>0x2a</size>
         <input_file_ref idref="fl-d4"/>
      </object_component>
      <object_component id="oc-295">
         <name>.debug_line</name>
         <load_address>0x1d6f</load_address>
         <run_address>0x1d6f</run_address>
         <size>0x30</size>
         <input_file_ref idref="fl-d4"/>
      </object_component>
      <object_component id="oc-1b5">
         <name>.debug_line</name>
         <load_address>0x1d9f</load_address>
         <run_address>0x1d9f</run_address>
         <size>0x402</size>
         <input_file_ref idref="fl-d4"/>
      </object_component>
      <object_component id="oc-29b">
         <name>.debug_line</name>
         <load_address>0x21a1</load_address>
         <run_address>0x21a1</run_address>
         <size>0x9a</size>
         <input_file_ref idref="fl-d4"/>
      </object_component>
      <object_component id="oc-222">
         <name>.debug_line</name>
         <load_address>0x223b</load_address>
         <run_address>0x223b</run_address>
         <size>0x97</size>
         <input_file_ref idref="fl-d4"/>
      </object_component>
      <object_component id="oc-80">
         <name>.debug_line</name>
         <load_address>0x22d2</load_address>
         <run_address>0x22d2</run_address>
         <size>0x33</size>
         <input_file_ref idref="fl-d5"/>
      </object_component>
      <object_component id="oc-56">
         <name>.debug_line</name>
         <load_address>0x2305</load_address>
         <run_address>0x2305</run_address>
         <size>0x45</size>
         <input_file_ref idref="fl-d5"/>
      </object_component>
      <object_component id="oc-29e">
         <name>.debug_line</name>
         <load_address>0x234a</load_address>
         <run_address>0x234a</run_address>
         <size>0x20</size>
         <input_file_ref idref="fl-d6"/>
      </object_component>
      <object_component id="oc-1ba">
         <name>.debug_line</name>
         <load_address>0x236a</load_address>
         <run_address>0x236a</run_address>
         <size>0x49</size>
         <input_file_ref idref="fl-d6"/>
      </object_component>
      <object_component id="oc-282">
         <name>.debug_line</name>
         <load_address>0x23b3</load_address>
         <run_address>0x23b3</run_address>
         <size>0x20</size>
         <input_file_ref idref="fl-d7"/>
      </object_component>
      <object_component id="oc-19f">
         <name>.debug_line</name>
         <load_address>0x23d3</load_address>
         <run_address>0x23d3</run_address>
         <size>0x56</size>
         <input_file_ref idref="fl-d7"/>
      </object_component>
      <object_component id="oc-2bc">
         <name>.debug_line</name>
         <load_address>0x2429</load_address>
         <run_address>0x2429</run_address>
         <size>0x20</size>
         <input_file_ref idref="fl-d8"/>
      </object_component>
      <object_component id="oc-212">
         <name>.debug_line</name>
         <load_address>0x2449</load_address>
         <run_address>0x2449</run_address>
         <size>0xa8</size>
         <input_file_ref idref="fl-d8"/>
      </object_component>
      <object_component id="oc-2ba">
         <name>.debug_line</name>
         <load_address>0x24f1</load_address>
         <run_address>0x24f1</run_address>
         <size>0x9b</size>
         <input_file_ref idref="fl-d9"/>
      </object_component>
      <object_component id="oc-20d">
         <name>.debug_line</name>
         <load_address>0x258c</load_address>
         <run_address>0x258c</run_address>
         <size>0x9c</size>
         <input_file_ref idref="fl-d9"/>
      </object_component>
      <object_component id="oc-35">
         <name>.debug_line</name>
         <load_address>0x2628</load_address>
         <run_address>0x2628</run_address>
         <size>0x88</size>
         <input_file_ref idref="fl-db"/>
      </object_component>
      <object_component id="oc-26f">
         <name>.debug_line</name>
         <load_address>0x26b0</load_address>
         <run_address>0x26b0</run_address>
         <size>0xbf</size>
         <input_file_ref idref="fl-dc"/>
      </object_component>
      <object_component id="oc-128">
         <name>.debug_line</name>
         <load_address>0x276f</load_address>
         <run_address>0x276f</run_address>
         <size>0x6f</size>
         <input_file_ref idref="fl-dc"/>
      </object_component>
      <object_component id="oc-273">
         <name>.debug_line</name>
         <load_address>0x27de</load_address>
         <run_address>0x27de</run_address>
         <size>0x2e</size>
         <input_file_ref idref="fl-dc"/>
      </object_component>
      <object_component id="oc-2aa">
         <name>.debug_line</name>
         <load_address>0x280c</load_address>
         <run_address>0x280c</run_address>
         <size>0x9a</size>
         <input_file_ref idref="fl-dc"/>
      </object_component>
      <object_component id="oc-278">
         <name>.debug_line</name>
         <load_address>0x28a6</load_address>
         <run_address>0x28a6</run_address>
         <size>0x97</size>
         <input_file_ref idref="fl-dc"/>
      </object_component>
      <object_component id="oc-27d">
         <name>.debug_line</name>
         <load_address>0x293d</load_address>
         <run_address>0x293d</run_address>
         <size>0x93</size>
         <input_file_ref idref="fl-dc"/>
      </object_component>
      <object_component id="oc-a1">
         <name>.debug_line</name>
         <load_address>0x29d0</load_address>
         <run_address>0x29d0</run_address>
         <size>0x40</size>
         <input_file_ref idref="fl-dd"/>
      </object_component>
      <object_component id="oc-119">
         <name>.debug_line</name>
         <load_address>0x2a10</load_address>
         <run_address>0x2a10</run_address>
         <size>0x3c</size>
         <input_file_ref idref="fl-df"/>
      </object_component>
      <object_component id="oc-2c2">
         <name>.debug_line</name>
         <load_address>0x2a4c</load_address>
         <run_address>0x2a4c</run_address>
         <size>0x20</size>
         <input_file_ref idref="fl-e2"/>
      </object_component>
      <object_component id="oc-2c0">
         <name>.debug_line</name>
         <load_address>0x2a6c</load_address>
         <run_address>0x2a6c</run_address>
         <size>0x2b</size>
         <input_file_ref idref="fl-e2"/>
      </object_component>
      <object_component id="oc-288">
         <name>.debug_line</name>
         <load_address>0x2a97</load_address>
         <run_address>0x2a97</run_address>
         <size>0x40</size>
         <input_file_ref idref="fl-e2"/>
      </object_component>
      <object_component id="oc-28d">
         <name>.debug_line</name>
         <load_address>0x2ad7</load_address>
         <run_address>0x2ad7</run_address>
         <size>0x48</size>
         <input_file_ref idref="fl-e3"/>
      </object_component>
      <object_component id="oc-a7">
         <name>.debug_frame</name>
         <load_address>0x0</load_address>
         <run_address>0x0</run_address>
         <size>0x60</size>
         <input_file_ref idref="fl-2"/>
      </object_component>
      <object_component id="oc-170">
         <name>.debug_frame</name>
         <load_address>0x60</load_address>
         <run_address>0x60</run_address>
         <size>0x58</size>
         <input_file_ref idref="fl-2"/>
      </object_component>
      <object_component id="oc-176">
         <name>.debug_frame</name>
         <load_address>0xb8</load_address>
         <run_address>0xb8</run_address>
         <size>0x58</size>
         <input_file_ref idref="fl-2"/>
      </object_component>
      <object_component id="oc-c7">
         <name>.debug_frame</name>
         <load_address>0x110</load_address>
         <run_address>0x110</run_address>
         <size>0x5c</size>
         <input_file_ref idref="fl-2"/>
      </object_component>
      <object_component id="oc-75">
         <name>.debug_frame</name>
         <load_address>0x16c</load_address>
         <run_address>0x16c</run_address>
         <size>0x60</size>
         <input_file_ref idref="fl-2"/>
      </object_component>
      <object_component id="oc-7b">
         <name>.debug_frame</name>
         <load_address>0x1cc</load_address>
         <run_address>0x1cc</run_address>
         <size>0x5c</size>
         <input_file_ref idref="fl-2"/>
      </object_component>
      <object_component id="oc-b9">
         <name>.debug_frame</name>
         <load_address>0x228</load_address>
         <run_address>0x228</run_address>
         <size>0x54</size>
         <input_file_ref idref="fl-3"/>
      </object_component>
      <object_component id="oc-65">
         <name>.debug_frame</name>
         <load_address>0x27c</load_address>
         <run_address>0x27c</run_address>
         <size>0x58</size>
         <input_file_ref idref="fl-4"/>
      </object_component>
      <object_component id="oc-6d">
         <name>.debug_frame</name>
         <load_address>0x2d4</load_address>
         <run_address>0x2d4</run_address>
         <size>0x54</size>
         <input_file_ref idref="fl-4"/>
      </object_component>
      <object_component id="oc-116">
         <name>.debug_frame</name>
         <load_address>0x328</load_address>
         <run_address>0x328</run_address>
         <size>0x54</size>
         <input_file_ref idref="fl-f"/>
      </object_component>
      <object_component id="oc-15b">
         <name>.debug_frame</name>
         <load_address>0x37c</load_address>
         <run_address>0x37c</run_address>
         <size>0x94</size>
         <input_file_ref idref="fl-f"/>
      </object_component>
      <object_component id="oc-c1">
         <name>.debug_frame</name>
         <load_address>0x410</load_address>
         <run_address>0x410</run_address>
         <size>0x58</size>
         <input_file_ref idref="fl-f"/>
      </object_component>
      <object_component id="oc-252">
         <name>.debug_frame</name>
         <load_address>0x468</load_address>
         <run_address>0x468</run_address>
         <size>0x58</size>
         <input_file_ref idref="fl-10"/>
      </object_component>
      <object_component id="oc-1ca">
         <name>.debug_frame</name>
[...]
               <start_address>0x10000d0</start_address>
               <size>0x30</size>
               <logical_group_ref idref="lg-e"/>
            </allocated_space>
            <available_space>
               <start_address>0x1000100</start_address>
               <size>0xfd00</size>
            </available_space>
            <allocated_space>
               <start_address>0x100fe00</start_address>
               <size>0x200</size>
               <logical_group_ref idref="lg-11"/>
            </allocated_space>
         </usage_details>
      </memory_area>
      <memory_area display="yes" color="green">
         <name>SRAM_DATA</name>
         <page_id>0x0</page_id>
         <origin>0x20000000</origin>
         <length>0x10000</length>
         <used_space>0x300</used_space>
         <unused_space>0xfd00</unused_space>
         <attributes>RW</attributes>
         <usage_details>
            <allocated_space>
               <start_address>0x20000000</start_address>
               <size>0xd0</size>
               <logical_group_ref idref="lg-f"/>
            </allocated_space>
            <allocated_space>
               <start_address>0x200000d0</start_address>
               <size>0x30</size>
               <logical_group_ref idref="lg-e"/>
            </allocated_space>
            <available_space>
               <start_address>0x20000100</start_address>
               <size>0xfd00</size>
            </available_space>
            <allocated_space>
               <start_address>0x2000fe00</start_address>
               <size>0x200</size>
               <logical_group_ref idref="lg-11"/>
            </allocated_space>
         </usage_details>
      </memory_area>
   </placement_map>
   <cptbl_list>
      <cptbl>
         <name>__TI_cinit_table</name>
         <cprec>
            <name>.data</name>
            <load_address>0x2278</load_address>
            <load_size>0x1e</load_size>
            <run_address>0x200000d0</run_address>
            <run_size>0x30</run_size>
            <compression>lzss</compression>
         </cprec>
         <cprec>
            <name>.bss</name>
            <load_address>0x22a8</load_address>
            <load_size>0x8</load_size>
            <run_address>0x20000000</run_address>
            <run_size>0xd0</run_size>
            <compression>zero_init</compression>
         </cprec>
      </cptbl>
   </cptbl_list>
   <handler_table>
      <handler_table_name>__TI_handler_table</handler_table_name>
      <handler>
         <index>0x0</index>
         <name>__TI_decompress_lzss</name>
      </handler>
      <handler>
         <index>0x1</index>
         <name>__TI_decompress_none</name>
      </handler>
      <handler>
         <index>0x2</index>
         <name>__TI_zero_init</name>
      </handler>
   </handler_table>
   <symbol_table>
      <symbol id="sm-1">
         <name>WDTCTL_SYM</name>
         <value>0x4000480c</value>
      </symbol>
      <symbol id="sm-2">
         <name>__TI_CINIT_Base</name>
         <value>0x22b0</value>
      </symbol>
      <symbol id="sm-3">
         <name>__TI_CINIT_Limit</name>
         <value>0x22c0</value>
      </symbol>
      <symbol id="sm-4">
         <name>__TI_Handler_Table_Base</name>
         <value>0x2298</value>
      </symbol>
      <symbol id="sm-5">
         <name>__TI_Handler_Table_Limit</name>
         <value>0x22a4</value>
      </symbol>
      <symbol id="sm-6">
         <name>binit</name>
         <value>0xffffffff</value>
      </symbol>
      <symbol id="sm-7">
         <name>__binit__</name>
         <value>0xffffffff</value>
      </symbol>
      <symbol id="sm-8">
         <name>__STACK_SIZE</name>
         <value>0x200</value>
      </symbol>
      <symbol id="sm-9">
         <name>__STACK_END</name>
         <value>0x20010000</value>
      </symbol>
      <symbol id="sm-a">
         <name>__c_args__</name>
         <value>0xffffffff</value>
      </symbol>
      <symbol id="sm-b">
         <name>__TI_pprof_out_hndl</name>
         <value>0xffffffff</value>
      </symbol>
      <symbol id="sm-c">
         <name>__TI_prof_data_start</name>
         <value>0xffffffff</value>
      </symbol>
      <symbol id="sm-d">
         <name>__TI_prof_data_size</name>
         <value>0xffffffff</value>
      </symbol>
      <symbol id="sm-c4">
         <name>bandstopBuff</name>
         <value>0x200000e8</value>
         <object_component_ref idref="oc-177"/>
      </symbol>
      <symbol id="sm-c5">
         <name>SysTick_Handler</name>
         <value>0x18f5</value>
         <object_component_ref idref="oc-70"/>
      </symbol>
      <symbol id="sm-c6">
         <name>shiftBuffer</name>
         <value>0x1fdf</value>
         <object_component_ref idref="oc-16b"/>
      </symbol>
      <symbol id="sm-c7">
         <name>bandstop</name>
         <value>0x1f29</value>
         <object_component_ref idref="oc-c2"/>
      </symbol>
      <symbol id="sm-c8">
         <name>main</name>
         <value>0xde1</value>
         <object_component_ref idref="oc-a2"/>
      </symbol>
      <symbol id="sm-c9">
         <name>filter</name>
         <value>0x1c75</value>
         <object_component_ref idref="oc-171"/>
      </symbol>
      <symbol id="sm-ca">
         <name>ADC14_IRQHandler</name>
         <value>0x1f89</value>
         <object_component_ref idref="oc-76"/>
      </symbol>
      <symbol id="sm-e2">
         <name>SystemInit</name>
         <value>0x1bfd</value>
         <object_component_ref idref="oc-b4"/>
      </symbol>
      <symbol id="sm-fe">
         <name>Reset_Handler</name>
         <value>0x2077</value>
         <object_component_ref idref="oc-64"/>
      </symbol>
      <symbol id="sm-ff">
         <name>Default_Handler</name>
         <value>0x11bb</value>
         <object_component_ref idref="oc-6a"/>
      </symbol>
      <symbol id="sm-100">
         <name>interruptVectors</name>
         <value>0x0</value>
         <object_component_ref idref="oc-23"/>
      </symbol>
      <symbol id="sm-168">
         <name>ADC14_setResolution</name>
         <value>0x2011</value>
         <object_component_ref idref="oc-111"/>
      </symbol>
      <symbol id="sm-169">
         <name>ADC14_getResult</name>
         <value>0x1ff9</value>
         <object_component_ref idref="oc-bc"/>
      </symbol>
      <symbol id="sm-1af">
         <name>CS_startHFXT</name>
         <value>0x208d</value>
         <object_component_ref idref="oc-10b"/>
      </symbol>
      <symbol id="sm-1b0">
         <name>CS_setExternalClockSourceFrequency</name>
         <value>0x2025</value>
         <object_component_ref idref="oc-105"/>
      </symbol>
      <symbol id="sm-1b1">
         <name>CS_startHFXTWithTimeout</name>
         <value>0x19b9</value>
         <object_component_ref idref="oc-1c9"/>
      </symbol>
      <symbol id="sm-1d5">
         <name>SysCtl_A_enableNMISource</name>
         <value>0x2049</value>
         <object_component_ref idref="oc-257"/>
      </symbol>
      <symbol id="sm-1d6">
         <name>SysCtl_A_getNMISourceStatus</name>
         <value>0x2059</value>
         <object_component_ref idref="oc-245"/>
      </symbol>
      <symbol id="sm-1d7">
         <name>SysCtl_A_disableNMISource</name>
         <value>0x2039</value>
         <object_component_ref idref="oc-24b"/>
      </symbol>
      <symbol id="sm-22e">
         <name>sin</name>
         <value>0x81d</value>
         <object_component_ref idref="oc-fa"/>
      </symbol>
      <symbol id="sm-22f">
         <name>sinl</name>
         <value>0x81d</value>
         <object_component_ref idref="oc-fa"/>
      </symbol>
      <symbol id="sm-246">
         <name>__aeabi_dsub</name>
         <value>0x1005</value>
         <object_component_ref idref="oc-1a1"/>
      </symbol>
      <symbol id="sm-247">
         <name>__aeabi_dadd</name>
         <value>0x100f</value>
         <object_component_ref idref="oc-1a1"/>
      </symbol>
      <symbol id="sm-269">
         <name>__aeabi_cdcmpeq</name>
         <value>0x1af1</value>
         <object_component_ref idref="oc-1ab"/>
      </symbol>
      <symbol id="sm-26a">
         <name>__aeabi_cdcmple</name>
         <value>0x1af1</value>
         <object_component_ref idref="oc-1ab"/>
      </symbol>
      <symbol id="sm-26b">
         <name>__aeabi_cdrcmple</name>
         <value>0x1b77</value>
         <object_component_ref idref="oc-214"/>
      </symbol>
      <symbol id="sm-276">
         <name>__aeabi_dmul</name>
         <value>0x1701</value>
         <object_component_ref idref="oc-f5"/>
      </symbol>
      <symbol id="sm-280">
         <name>__aeabi_d2iz</name>
         <value>0x1e2f</value>
         <object_component_ref idref="oc-196"/>
      </symbol>
      <symbol id="sm-28c">
         <name>__aeabi_d2f</name>
         <value>0x1d59</value>
         <object_component_ref idref="oc-100"/>
      </symbol>
      <symbol id="sm-297">
         <name>__aeabi_f2d</name>
         <value>0x1ebd</value>
         <object_component_ref idref="oc-f0"/>
      </symbol>
      <symbol id="sm-2a1">
         <name>__aeabi_i2d</name>
         <value>0x1f59</value>
         <object_component_ref idref="oc-1a6"/>
      </symbol>
      <symbol id="sm-2ba">
         <name>__TI_zero_init_nomemset</name>
         <value>0x1fa9</value>
         <object_component_ref idref="oc-40"/>
      </symbol>
      <symbol id="sm-2d1">
         <name>__TI_decompress_none</name>
         <value>0x2069</value>
         <object_component_ref idref="oc-1a"/>
      </symbol>
      <symbol id="sm-2f4">
         <name>__TI_decompress_lzss</name>
         <value>0x1dc7</value>
         <object_component_ref idref="oc-14"/>
      </symbol>
      <symbol id="sm-364">
         <name>__kernel_rem_pio2</name>
         <value>0xe5</value>
         <object_component_ref idref="oc-1b0"/>
      </symbol>
      <symbol id="sm-377">
         <name>__stack</name>
         <value>0x2000fe00</value>
         <object_component_ref idref="oc-26"/>
      </symbol>
      <symbol id="sm-378">
         <name>_c_int00_noargs</name>
         <value>0x1ef5</value>
         <object_component_ref idref="oc-52"/>
      </symbol>
      <symbol id="sm-38e">
         <name>__kernel_cos</name>
         <value>0x1331</value>
         <object_component_ref idref="oc-1b6"/>
      </symbol>
      <symbol id="sm-3a5">
         <name>__kernel_sin</name>
         <value>0x11bd</value>
         <object_component_ref idref="oc-19b"/>
      </symbol>
      <symbol id="sm-3c2">
         <name>floorl</name>
         <value>0x17fd</value>
         <object_component_ref idref="oc-20e"/>
      </symbol>
      <symbol id="sm-3c3">
         <name>floor</name>
         <value>0x17fd</value>
         <object_component_ref idref="oc-20e"/>
      </symbol>
      <symbol id="sm-3e0">
         <name>scalbn</name>
         <value>0x15f1</value>
         <object_component_ref idref="oc-208"/>
      </symbol>
      <symbol id="sm-3e1">
         <name>scalbnl</name>
         <value>0x15f1</value>
         <object_component_ref idref="oc-208"/>
      </symbol>
      <symbol id="sm-3e2">
         <name>ldexpl</name>
         <value>0x15f1</value>
         <object_component_ref idref="oc-208"/>
      </symbol>
      <symbol id="sm-3e3">
         <name>ldexp</name>
         <value>0x15f1</value>
         <object_component_ref idref="oc-208"/>
      </symbol>
      <symbol id="sm-3ff">
         <name>memcpy</name>
         <value>0x1a55</value>
         <object_component_ref idref="oc-34"/>
      </symbol>
      <symbol id="sm-400">
         <name>__aeabi_memcpy</name>
         <value>0x1a55</value>
         <object_component_ref idref="oc-34"/>
      </symbol>
      <symbol id="sm-401">
         <name>__aeabi_memcpy8</name>
         <value>0x1a55</value>
         <object_component_ref idref="oc-34"/>
      </symbol>
      <symbol id="sm-402">
         <name>__aeabi_memcpy4</name>
         <value>0x1a55</value>
         <object_component_ref idref="oc-34"/>
      </symbol>
      <symbol id="sm-42a">
         <name>__TI_auto_init_nobinit_nopinit</name>
         <value>0x1e79</value>
         <object_component_ref idref="oc-124"/>
      </symbol>
      <symbol id="sm-434">
         <name>_system_pre_init</name>
         <value>0x2093</value>
         <object_component_ref idref="oc-9c"/>
      </symbol>
      <symbol id="sm-440">
         <name>C$$EXIT</name>
         <value>0x2097</value>
         <object_component_ref idref="oc-118"/>
      </symbol>
      <symbol id="sm-441">
         <name>abort</name>
         <value>0x2097</value>
         <object_component_ref idref="oc-118"/>
      </symbol>
      <symbol id="sm-459">
         <name>__aeabi_errno_addr</name>
         <value>0x2085</value>
         <object_component_ref idref="oc-283"/>
      </symbol>
      <symbol id="sm-45a">
         <name>errno</name>
         <value>0x200000fc</value>
         <object_component_ref idref="oc-2b3"/>
      </symbol>
      <symbol id="sm-464">
         <name>copysign</name>
         <value>0x1fc5</value>
         <object_component_ref idref="oc-289"/>
      </symbol>
      <symbol id="sm-465">
         <name>copysignl</name>
         <value>0x1fc5</value>
         <object_component_ref idref="oc-289"/>
      </symbol>
      <symbol id="sm-466">
         <name>__TI_static_base__</name>
         <value>0x0</value>
      </symbol>
      <symbol id="sm-469">
         <name>__mpu_init</name>
         <value>0x0</value>
      </symbol>
      <symbol id="sm-46a">
         <name>_system_post_cinit</name>
         <value>0x0</value>
      </symbol>
      <symbol id="sm-46b">
         <name>NMI_Handler</name>
         <value>0x11bb</value>
      </symbol>
      <symbol id="sm-46c">
         <name>HardFault_Handler</name>
         <value>0x11bb</value>
      </symbol>
      <symbol id="sm-46d">
         <name>MemManage_Handler</name>
         <value>0x11bb</value>
      </symbol>
      <symbol id="sm-46e">
         <name>BusFault_Handler</name>
         <value>0x11bb</value>
      </symbol>
      <symbol id="sm-46f">
         <name>UsageFault_Handler</name>
         <value>0x11bb</value>
      </symbol>
      <symbol id="sm-470">
         <name>SVC_Handler</name>
         <value>0x11bb</value>
      </symbol>
      <symbol id="sm-471">
         <name>DebugMon_Handler</name>
         <value>0x11bb</value>
      </symbol>
      <symbol id="sm-472">
         <name>PendSV_Handler</name>
         <value>0x11bb</value>
      </symbol>
      <symbol id="sm-473">
         <name>SysTick_Handler</name>
         <value>0x18f5</value>
      </symbol>
      <symbol id="sm-474">
         <name>PSS_IRQHandler</name>
         <value>0x11bb</value>
      </symbol>
      <symbol id="sm-475">
         <name>CS_IRQHandler</name>
         <value>0x11bb</value>
      </symbol>
      <symbol id="sm-476">
         <name>PCM_IRQHandler</name>
         <value>0x11bb</value>
      </symbol>
      <symbol id="sm-477">
         <name>WDT_A_IRQHandler</name>
         <value>0x11bb</value>
      </symbol>
      <symbol id="sm-478">
         <name>FPU_IRQHandler</name>
         <value>0x11bb</value>
      </symbol>
      <symbol id="sm-479">
         <name>FLCTL_IRQHandler</name>
         <value>0x11bb</value>
      </symbol>
      <symbol id="sm-47a">
         <name>COMP_E0_IRQHandler</name>
         <value>0x11bb</value>
      </symbol>
      <symbol id="sm-47b">
         <name>COMP_E1_IRQHandler</name>
         <value>0x11bb</value>
      </symbol>
      <symbol id="sm-47c">
         <name>TA0_0_IRQHandler</name>
         <value>0x11bb</value>
      </symbol>
      <symbol id="sm-47d">
         <name>TA0_N_IRQHandler</name>
         <value>0x11bb</value>
      </symbol>
      <symbol id="sm-47e">
         <name>TA1_0_IRQHandler</name>
         <value>0x11bb</value>
      </symbol>
      <symbol id="sm-47f">
         <name>TA1_N_IRQHandler</name>
         <value>0x11bb</value>
      </symbol>
      <symbol id="sm-480">
         <name>TA2_0_IRQHandler</name>
         <value>0x11bb</value>
      </symbol>
      <symbol id="sm-481">
         <name>TA2_N_IRQHandler</name>
         <value>0x11bb</value>
      </symbol>
      <symbol id="sm-482">
         <name>TA3_0_IRQHandler</name>
         <value>0x11bb</value>
      </symbol>
      <symbol id="sm-483">
         <name>TA3_N_IRQHandler</name>
         <value>0x11bb</value>
      </symbol>
      <symbol id="sm-484">
         <name>EUSCIA0_IRQHandler</name>
         <value>0x11bb</value>
      </symbol>
      <symbol id="sm-485">
         <name>EUSCIA1_IRQHandler</name>
         <value>0x11bb</value>
      </symbol>
      <symbol id="sm-486">
         <name>EUSCIA2_IRQHandler</name>
         <value>0x11bb</value>
      </symbol>
      <symbol id="sm-487">
         <name>EUSCIA3_IRQHandler</name>
         <value>0x11bb</value>
      </symbol>
      <symbol id="sm-488">
         <name>EUSCIB0_IRQHandler</name>
         <value>0x11bb</value>
      </symbol>
      <symbol id="sm-489">
         <name>EUSCIB1_IRQHandler</name>
         <value>0x11bb</value>
      </symbol>
      <symbol id="sm-48a">
         <name>EUSCIB2_IRQHandler</name>
         <value>0x11bb</value>
      </symbol>
      <symbol id="sm-48b">
         <name>EUSCIB3_IRQHandler</name>
         <value>0x11bb</value>
      </symbol>
      <symbol id="sm-48c">
         <name>ADC14_IRQHandler</name>
         <value>0x1f89</value>
      </symbol>
      <symbol id="sm-48d">
         <name>T32_INT1_IRQHandler</name>
         <value>0x11bb</value>
      </symbol>
      <symbol id="sm-48e">
         <name>T32_INT2_IRQHandler</name>
         <value>0x11bb</value>
      </symbol>
      <symbol id="sm-48f">
         <name>T32_INTC_IRQHandler</name>
         <value>0x11bb</value>
      </symbol>
      <symbol id="sm-490">
         <name>AES256_IRQHandler</name>
         <value>0x11bb</value>
      </symbol>
      <symbol id="sm-491">
         <name>RTC_C_IRQHandler</name>
         <value>0x11bb</value>
      </symbol>
      <symbol id="sm-492">
         <name>DMA_ERR_IRQHandler</name>
         <value>0x11bb</value>
      </symbol>
      <symbol id="sm-493">
         <name>DMA_INT3_IRQHandler</name>
         <value>0x11bb</value>
      </symbol>
      <symbol id="sm-494">
         <name>DMA_INT2_IRQHandler</name>
         <value>0x11bb</value>
      </symbol>
      <symbol id="sm-495">
         <name>DMA_INT1_IRQHandler</name>
         <value>0x11bb</value>
      </symbol>
      <symbol id="sm-496">
         <name>DMA_INT0_IRQHandler</name>
         <value>0x11bb</value>
      </symbol>
      <symbol id="sm-497">
         <name>PORT1_IRQHandler</name>
         <value>0x11bb</value>
      </symbol>
      <symbol id="sm-498">
         <name>PORT2_IRQHandler</name>
         <value>0x11bb</value>
      </symbol>
      <symbol id="sm-499">
         <name>PORT3_IRQHandler</name>
         <value>0x11bb</value>
      </symbol>
      <symbol id="sm-49a">
         <name>PORT4_IRQHandler</name>
         <value>0x11bb</value>
      </symbol>
      <symbol id="sm-49b">
         <name>PORT5_IRQHandler</name>
         <value>0x11bb</value>
      </symbol>
      <symbol id="sm-49c">
         <name>PORT6_IRQHandler</name>
         <value>0x11bb</value>
      </symbol>
   </symbol_table>
   <title>Link successful</title>
</link_info>
