******************************************************************************
                  TI ARM Linker PC v16.9.6                     
******************************************************************************
>> Linked Wed Apr 25 14:38:10 2018

OUTPUT FILE NAME:   <RED_MSP432_test1.out>
ENTRY POINT SYMBOL: "_c_int00"  address: 00000521


MEMORY CONFIGURATION

         name            origin    length      used     unused   attr    fill
----------------------  --------  ---------  --------  --------  ----  --------
  MAIN                  00000000   00040000  00000724  0003f8dc  R  X
  INFO                  00200000   00004000  00000000  00004000  R  X
  SRAM_CODE             01000000   00010000  00000223  0000fddd  RW X
  SRAM_DATA             20000000   00010000  00000223  0000fddd  RW  


SEGMENT ALLOCATION MAP

run origin  load origin   length   init length attrs members
----------  ----------- ---------- ----------- ----- -------
00000000    00000000    00000728   00000728    r-x
  00000000    00000000    000000e4   000000e4    r-- .intvecs
  000000e4    000000e4    00000608   00000608    r-x .text
  000006f0    000006f0    00000038   00000038    r-- .cinit
20000000    20000000    00000024   00000000    rw-
  20000000    20000000    0000001b   00000000    rw- .data
  2000001c    2000001c    00000008   00000000    rw- .bss
2000fe00    2000fe00    00000200   00000000    rw-
  2000fe00    2000fe00    00000200   00000000    rw- .stack


SECTION ALLOCATION MAP

 output                                  attributes/
section   page    origin      length       input sections
--------  ----  ----------  ----------   ----------------
.intvecs   0    00000000    000000e4     
                  00000000    000000e4     startup_msp432p401r_ccs.obj (.intvecs:retain)

.binit     0    00000000    00000000     

.text      0    000000e4    00000608     
                  000000e4    000000c8     RED_MSP432_test1.obj (.text:main)
                  000001ac    0000009c     msp432p4xx_driverlib.lib : cs_MSP432P4XX.obj (.text:CS_startHFXTWithTimeout)
                  00000248    0000009c     rtsv7M4_T_le_v4SPD16_eabi.lib : memcpy_t2.obj (.text)
                  000002e4    0000007a                                   : memset_t2.obj (.text)
                  0000035e    00000002     startup_msp432p401r_ccs.obj (.text:Default_Handler)
                  00000360    00000078     system_msp432p401r.obj (.text:SystemInit)
                  000003d8    00000070     msp432p4xx_driverlib.lib : cs_MSP432P4XX.obj (.text:_CSGetHFXTFrequency)
                  00000448    00000070     rtsv7M4_T_le_v4SPD16_eabi.lib : autoinit.obj (.text)
                  000004b8    00000068                                   : copy_decompress_lzss.obj (.text:decompress:lzss)
                  00000520    00000054                                   : boot.obj (.text)
                  00000574    00000054                                   : exit.obj (.text)
                  000005c8    0000004c                                   : cpy_tbl.obj (.text)
                  00000614    00000034     RED_MSP432_test1.obj (.text:SysTick_Handler)
                  00000648    00000018     rtsv7M4_T_le_v4SPD16_eabi.lib : args_main.obj (.text)
                  00000660    00000014     msp432p4xx_driverlib.lib : cs_MSP432P4XX.obj (.text:CS_setExternalClockSourceFrequency)
                  00000674    00000014     rtsv7M4_T_le_v4SPD16_eabi.lib : _lock.obj (.text)
                  00000688    00000010     msp432p4xx_driverlib.lib : sysctl_a_MSP432P4XX.obj (.text:SysCtl_A_disableNMISource)
                  00000698    00000010                              : sysctl_a_MSP432P4XX.obj (.text:SysCtl_A_enableNMISource)
                  000006a8    00000010                              : sysctl_a_MSP432P4XX.obj (.text:SysCtl_A_getNMISourceStatus)
                  000006b8    0000000e     rtsv7M4_T_le_v4SPD16_eabi.lib : copy_decompress_none.obj (.text:decompress:none)
                  000006c6    0000000c     startup_msp432p401r_ccs.obj (.text:Reset_Handler)
                  000006d2    0000000c     rtsv7M4_T_le_v4SPD16_eabi.lib : copy_zero_init.obj (.text:decompress:ZI)
                  000006de    00000006     msp432p4xx_driverlib.lib : cs_MSP432P4XX.obj (.text:CS_startHFXT)
                  000006e4    00000004     rtsv7M4_T_le_v4SPD16_eabi.lib : pre_init.obj (.text)
                  000006e8    00000002                                   : mpu_init.obj (.text)
                  000006ea    00000002                                   : startup.obj (.text)

.cinit     0    000006f0    00000038     
                  000006f0    00000014     (.cinit..data.load) [load image, compression = lzss]
                  00000704    0000000c     (__TI_handler_table)
                  00000710    00000008     (.cinit..bss.load) [load image, compression = zero_init]
                  00000718    00000010     (__TI_cinit_table)

.init_array 
*          0    00000000    00000000     UNINITIALIZED

.data      0    20000000    0000001b     UNINITIALIZED
                  20000000    0000000c     rtsv7M4_T_le_v4SPD16_eabi.lib : exit.obj (.data:$O1$$)
                  2000000c    00000008                                   : _lock.obj (.data:$O1$$)
                  20000014    00000004                                   : stkdepth_vars.obj (.data)
                  20000018    00000003     RED_MSP432_test1.obj (.data)

.bss       0    2000001c    00000008     UNINITIALIZED
                  2000001c    00000008     msp432p4xx_driverlib.lib : cs_MSP432P4XX.obj (.bss)

.stack     0    2000fe00    00000200     UNINITIALIZED
                  2000fe00    00000200     --HOLE--

MODULE SUMMARY

       Module                        code   ro data   rw data
       ------                        ----   -------   -------
    .\
       RED_MSP432_test1.obj          252    0         6      
       system_msp432p401r.obj        120    0         0      
    +--+-----------------------------+------+---------+---------+
       Total:                        372    0         6      
                                                             
    .\ccs\
       startup_msp432p401r_ccs.obj   14     228       0      
    +--+-----------------------------+------+---------+---------+
       Total:                        14     228       0      
                                                             
    C:/ti/simplelink_msp432p4_sdk_2_10_00_14/source/ti/devices/msp432p4xx/driverlib/ccs/msp432p4xx_driverlib.lib
       cs_MSP432P4XX.obj             294    0         16     
       sysctl_a_MSP432P4XX.obj       48     0         0      
    +--+-----------------------------+------+---------+---------+
       Total:                        342    0         16     
                                                             
    C:\ti\ccsv7\tools\compiler\ti-cgt-arm_16.9.6.LTS\lib\rtsv7M4_T_le_v4SPD16_eabi.lib
       memcpy_t2.obj                 156    0         0      
       memset_t2.obj                 122    0         0      
       autoinit.obj                  112    0         0      
       exit.obj                      84     0         24     
       copy_decompress_lzss.obj      104    0         0      
       boot.obj                      84     0         0      
       cpy_tbl.obj                   76     0         0      
       _lock.obj                     20     0         16     
       args_main.obj                 24     0         0      
       copy_decompress_none.obj      14     0         0      
       copy_zero_init.obj            12     0         0      
       stkdepth_vars.obj             0      0         8      
       pre_init.obj                  4      0         0      
       mpu_init.obj                  2      0         0      
       startup.obj                   2      0         0      
    +--+-----------------------------+------+---------+---------+
       Total:                        816    0         48     
                                                             
       Stack:                        0      0         1024   
       Linker Generated:             0      56        0      
    +--+-----------------------------+------+---------+---------+
       Grand Total:                  1544   284       1094   


LINKER GENERATED COPY TABLES

__TI_cinit_table @ 00000718 records: 2, size/record: 8, table size: 16
	.data: load addr=000006f0, load size=00000014 bytes, run addr=20000000, run size=0000001b bytes, compression=lzss
	.bss: load addr=00000710, load size=00000008 bytes, run addr=2000001c, run size=00000008 bytes, compression=zero_init


LINKER GENERATED HANDLER TABLE

__TI_handler_table @ 00000704 records: 3, size/record: 4, table size: 12
	index: 0, handler: __TI_decompress_lzss
	index: 1, handler: __TI_decompress_none
	index: 2, handler: __TI_zero_init


GLOBAL SYMBOLS: SORTED ALPHABETICALLY BY Name 

address   name                              
-------   ----                              
0000035f  ADC14_IRQHandler                  
0000035f  AES256_IRQHandler                 
0000035f  BusFault_Handler                  
00000575  C$$EXIT                           
0000035f  COMP_E0_IRQHandler                
0000035f  COMP_E1_IRQHandler                
0000035f  CS_IRQHandler                     
00000661  CS_setExternalClockSourceFrequency
000006df  CS_startHFXT                      
000001ad  CS_startHFXTWithTimeout           
0000035f  DMA_ERR_IRQHandler                
0000035f  DMA_INT0_IRQHandler               
0000035f  DMA_INT1_IRQHandler               
0000035f  DMA_INT2_IRQHandler               
0000035f  DMA_INT3_IRQHandler               
0000035f  DebugMon_Handler                  
0000035f  Default_Handler                   
0000035f  EUSCIA0_IRQHandler                
0000035f  EUSCIA1_IRQHandler                
0000035f  EUSCIA2_IRQHandler                
0000035f  EUSCIA3_IRQHandler                
0000035f  EUSCIB0_IRQHandler                
0000035f  EUSCIB1_IRQHandler                
0000035f  EUSCIB2_IRQHandler                
0000035f  EUSCIB3_IRQHandler                
0000035f  FLCTL_IRQHandler                  
0000035f  FPU_IRQHandler                    
0000035f  HardFault_Handler                 
0000035f  MemManage_Handler                 
0000035f  NMI_Handler                       
0000035f  PCM_IRQHandler                    
0000035f  PORT1_IRQHandler                  
0000035f  PORT2_IRQHandler                  
0000035f  PORT3_IRQHandler                  
0000035f  PORT4_IRQHandler                  
0000035f  PORT5_IRQHandler                  
0000035f  PORT6_IRQHandler                  
0000035f  PSS_IRQHandler                    
0000035f  PendSV_Handler                    
0000035f  RTC_C_IRQHandler                  
000006c7  Reset_Handler                     
UNDEFED   SHT$$INIT_ARRAY$$Base             
UNDEFED   SHT$$INIT_ARRAY$$Limit            
0000035f  SVC_Handler                       
00000689  SysCtl_A_disableNMISource         
00000699  SysCtl_A_enableNMISource          
000006a9  SysCtl_A_getNMISourceStatus       
00000615  SysTick_Handler                   
00000615  SysTick_Handler                   
00000361  SystemInit                        
0000035f  T32_INT1_IRQHandler               
0000035f  T32_INT2_IRQHandler               
0000035f  T32_INTC_IRQHandler               
0000035f  TA0_0_IRQHandler                  
0000035f  TA0_N_IRQHandler                  
0000035f  TA1_0_IRQHandler                  
0000035f  TA1_N_IRQHandler                  
0000035f  TA2_0_IRQHandler                  
0000035f  TA2_N_IRQHandler                  
0000035f  TA3_0_IRQHandler                  
0000035f  TA3_N_IRQHandler                  
0000035f  UsageFault_Handler                
4000480c  WDTCTL_SYM                        
0000035f  WDT_A_IRQHandler                  
20010000  __STACK_END                       
00000200  __STACK_SIZE                      
00000718  __TI_CINIT_Base                   
00000728  __TI_CINIT_Limit                  
00000704  __TI_Handler_Table_Base           
00000710  __TI_Handler_Table_Limit          
00000449  __TI_auto_init                    
20000000  __TI_cleanup_ptr                  
000004b9  __TI_decompress_lzss              
000006b9  __TI_decompress_none              
20000004  __TI_dtors_ptr                    
20000008  __TI_enable_exit_profile_output   
ffffffff  __TI_pprof_out_hndl               
ffffffff  __TI_prof_data_size               
ffffffff  __TI_prof_data_start              
00000000  __TI_static_base__                
000006d3  __TI_zero_init                    
000002e5  __aeabi_memclr                    
000002e5  __aeabi_memclr4                   
000002e5  __aeabi_memclr8                   
00000249  __aeabi_memcpy                    
00000249  __aeabi_memcpy4                   
00000249  __aeabi_memcpy8                   
000002e7  __aeabi_memset                    
000002e7  __aeabi_memset4                   
000002e7  __aeabi_memset8                   
ffffffff  __binit__                         
ffffffff  __c_args__                        
000006e9  __mpu_init                        
2000fe00  __stack                           
00000649  _args_main                        
00000521  _c_int00                          
2000000c  _lock                             
00000683  _nop                              
0000067b  _register_lock                    
00000675  _register_unlock                  
000006eb  _system_post_cinit                
000006e5  _system_pre_init                  
20000010  _unlock                           
00000579  abort                             
ffffffff  binit                             
000005c9  copy_in                           
00000581  exit                              
00000000  interruptVectors                  
000000e5  main                              
20000014  main_func_sp                      
00000249  memcpy                            
000002ed  memset                            


GLOBAL SYMBOLS: SORTED BY Symbol Address 

address   name                              
-------   ----                              
00000000  __TI_static_base__                
00000000  interruptVectors                  
000000e5  main                              
000001ad  CS_startHFXTWithTimeout           
00000200  __STACK_SIZE                      
00000249  __aeabi_memcpy                    
00000249  __aeabi_memcpy4                   
00000249  __aeabi_memcpy8                   
00000249  memcpy                            
000002e5  __aeabi_memclr                    
000002e5  __aeabi_memclr4                   
000002e5  __aeabi_memclr8                   
000002e7  __aeabi_memset                    
000002e7  __aeabi_memset4                   
000002e7  __aeabi_memset8                   
000002ed  memset                            
0000035f  ADC14_IRQHandler                  
0000035f  AES256_IRQHandler                 
0000035f  BusFault_Handler                  
0000035f  COMP_E0_IRQHandler                
0000035f  COMP_E1_IRQHandler                
0000035f  CS_IRQHandler                     
0000035f  DMA_ERR_IRQHandler                
0000035f  DMA_INT0_IRQHandler               
0000035f  DMA_INT1_IRQHandler               
0000035f  DMA_INT2_IRQHandler               
0000035f  DMA_INT3_IRQHandler               
0000035f  DebugMon_Handler                  
0000035f  Default_Handler                   
0000035f  EUSCIA0_IRQHandler                
0000035f  EUSCIA1_IRQHandler                
0000035f  EUSCIA2_IRQHandler                
0000035f  EUSCIA3_IRQHandler                
0000035f  EUSCIB0_IRQHandler                
0000035f  EUSCIB1_IRQHandler                
0000035f  EUSCIB2_IRQHandler                
0000035f  EUSCIB3_IRQHandler                
0000035f  FLCTL_IRQHandler                  
0000035f  FPU_IRQHandler                    
0000035f  HardFault_Handler                 
0000035f  MemManage_Handler                 
0000035f  NMI_Handler                       
0000035f  PCM_IRQHandler                    
0000035f  PORT1_IRQHandler                  
0000035f  PORT2_IRQHandler                  
0000035f  PORT3_IRQHandler                  
0000035f  PORT4_IRQHandler                  
0000035f  PORT5_IRQHandler                  
0000035f  PORT6_IRQHandler                  
0000035f  PSS_IRQHandler                    
0000035f  PendSV_Handler                    
0000035f  RTC_C_IRQHandler                  
0000035f  SVC_Handler                       
0000035f  T32_INT1_IRQHandler               
0000035f  T32_INT2_IRQHandler               
0000035f  T32_INTC_IRQHandler               
0000035f  TA0_0_IRQHandler                  
0000035f  TA0_N_IRQHandler                  
0000035f  TA1_0_IRQHandler                  
0000035f  TA1_N_IRQHandler                  
0000035f  TA2_0_IRQHandler                  
0000035f  TA2_N_IRQHandler                  
0000035f  TA3_0_IRQHandler                  
0000035f  TA3_N_IRQHandler                  
0000035f  UsageFault_Handler                
0000035f  WDT_A_IRQHandler                  
00000361  SystemInit                        
00000449  __TI_auto_init                    
000004b9  __TI_decompress_lzss              
00000521  _c_int00                          
00000575  C$$EXIT                           
00000579  abort                             
00000581  exit                              
000005c9  copy_in                           
00000615  SysTick_Handler                   
00000615  SysTick_Handler                   
00000649  _args_main                        
00000661  CS_setExternalClockSourceFrequency
00000675  _register_unlock                  
0000067b  _register_lock                    
00000683  _nop                              
00000689  SysCtl_A_disableNMISource         
00000699  SysCtl_A_enableNMISource          
000006a9  SysCtl_A_getNMISourceStatus       
000006b9  __TI_decompress_none              
000006c7  Reset_Handler                     
000006d3  __TI_zero_init                    
000006df  CS_startHFXT                      
000006e5  _system_pre_init                  
000006e9  __mpu_init                        
000006eb  _system_post_cinit                
00000704  __TI_Handler_Table_Base           
00000710  __TI_Handler_Table_Limit          
00000718  __TI_CINIT_Base                   
00000728  __TI_CINIT_Limit                  
20000000  __TI_cleanup_ptr                  
20000004  __TI_dtors_ptr                    
20000008  __TI_enable_exit_profile_output   
2000000c  _lock                             
20000010  _unlock                           
20000014  main_func_sp                      
2000fe00  __stack                           
20010000  __STACK_END                       
4000480c  WDTCTL_SYM                        
ffffffff  __TI_pprof_out_hndl               
ffffffff  __TI_prof_data_size               
ffffffff  __TI_prof_data_start              
ffffffff  __binit__                         
ffffffff  __c_args__                        
ffffffff  binit                             
UNDEFED   SHT$$INIT_ARRAY$$Base             
UNDEFED   SHT$$INIT_ARRAY$$Limit            

[112 symbols]
